me_at_the_zoo                          LS_fix    graine=0 nbC=10;nbV=10;it=5           ok          0.0743s  score=471938 
me_at_the_zoo                          TS_fix    graine=0 nbC=10;nbV=10;it=100;tabu=7  ok          0.0254s  score=471938 
me_at_the_zoo                          TS_fix    graine=1 nbC=10;nbV=10;it=100;tabu=7  ok           0.022s  score=471938 
me_at_the_zoo                          TS_fix    graine=2 nbC=10;nbV=10;it=100;tabu=7  ok          0.0219s  score=473911 
me_at_the_zoo                          TS_fix    graine=3 nbC=10;nbV=10;it=100;tabu=7  ok          0.0298s  score=471938 
me_at_the_zoo                          TS_fix    graine=4 nbC=10;nbV=10;it=100;tabu=7  ok          0.0172s  score=471938 
me_at_the_zoo                          TS_fix    graine=5 nbC=10;nbV=10;it=100;tabu=7  ok           0.017s  score=471938 
me_at_the_zoo                          TS_fix    graine=6 nbC=10;nbV=10;it=100;tabu=7  ok          0.0194s  score=471938 
me_at_the_zoo                          TS_fix    graine=7 nbC=10;nbV=10;it=100;tabu=7  ok          0.0177s  score=471938 
me_at_the_zoo                          TS_fix    graine=8 nbC=10;nbV=10;it=100;tabu=7  ok          0.0188s  score=471938 
me_at_the_zoo                          TS_fix    graine=9 nbC=10;nbV=10;it=100;tabu=7  ok          0.0181s  score=471938 
me_at_the_zoo                          TSS_fix   graine=0 nbC=10;nbV=10;it=100;tabu=7  ok           0.038s  score=478185 
trending_today                         LS_fix    graine=0 nbC=10;nbV=10;it=5           ok         29.5673s  score=499991 
kittens                                LS_fix    graine=0 nbC=10;nbV=10;it=5           ok         40.8886s  score=858869 
trending_today                         TS_fix    graine=0 nbC=10;nbV=10;it=100;tabu=7  ok          0.0131s  score=499991 
trending_today                         TS_fix    graine=1 nbC=10;nbV=10;it=100;tabu=7  ok          0.0245s  score=499991 
kittens                                TS_fix    graine=0 nbC=10;nbV=10;it=100;tabu=7  ok          0.1229s  score=858876 
trending_today                         TS_fix    graine=2 nbC=10;nbV=10;it=100;tabu=7  ok          0.0167s  score=499991 
kittens                                TS_fix    graine=1 nbC=10;nbV=10;it=100;tabu=7  ok          0.2094s  score=858907 
trending_today                         TS_fix    graine=3 nbC=10;nbV=10;it=100;tabu=7  ok          0.0232s  score=499991 
trending_today                         TS_fix    graine=4 nbC=10;nbV=10;it=100;tabu=7  ok          0.0625s  score=499991 
kittens                                TS_fix    graine=2 nbC=10;nbV=10;it=100;tabu=7  ok          0.0572s  score=858869 
trending_today                         TS_fix    graine=5 nbC=10;nbV=10;it=100;tabu=7  ok          0.1022s  score=499991 
trending_today                         TS_fix    graine=6 nbC=10;nbV=10;it=100;tabu=7  ok          0.0304s  score=499991 
kittens                                TS_fix    graine=3 nbC=10;nbV=10;it=100;tabu=7  ok          0.0679s  score=858869 
trending_today                         TS_fix    graine=7 nbC=10;nbV=10;it=100;tabu=7  ok          0.0328s  score=499991 
kittens                                TS_fix    graine=4 nbC=10;nbV=10;it=100;tabu=7  ok          0.1552s  score=858877 
trending_today                         TS_fix    graine=8 nbC=10;nbV=10;it=100;tabu=7  ok          0.0465s  score=499991 
trending_today                         TS_fix    graine=9 nbC=10;nbV=10;it=100;tabu=7  ok          0.0668s  score=499991 
kittens                                TS_fix    graine=5 nbC=10;nbV=10;it=100;tabu=7  ok          0.7188s  score=858960 
trending_today                         TSS_fix   graine=0 nbC=10;nbV=10;it=100;tabu=7  ok          1.3284s  score=499991 
videos_worth_spreading                 LS_fix    graine=0 nbC=10;nbV=10;it=5           ok          1.5865s  score=484419 
videos_worth_spreading                 TS_fix    graine=0 nbC=10;nbV=10;it=100;tabu=7  ok          0.0035s  score=484419 
videos_worth_spreading                 TS_fix    graine=1 nbC=10;nbV=10;it=100;tabu=7  ok          0.0124s  score=484419 
videos_worth_spreading                 TS_fix    graine=2 nbC=10;nbV=10;it=100;tabu=7  ok          0.0034s  score=484419 
videos_worth_spreading                 TS_fix    graine=3 nbC=10;nbV=10;it=100;tabu=7  ok           0.004s  score=484419 
videos_worth_spreading                 TS_fix    graine=4 nbC=10;nbV=10;it=100;tabu=7  ok          0.0035s  score=484419 
videos_worth_spreading                 TS_fix    graine=5 nbC=10;nbV=10;it=100;tabu=7  ok          0.0025s  score=484419 
videos_worth_spreading                 TS_fix    graine=6 nbC=10;nbV=10;it=100;tabu=7  ok          0.0047s  score=484419 
videos_worth_spreading                 TS_fix    graine=7 nbC=10;nbV=10;it=100;tabu=7  ok          0.0023s  score=484419 
videos_worth_spreading                 TS_fix    graine=8 nbC=10;nbV=10;it=100;tabu=7  ok          0.0054s  score=484419 
videos_worth_spreading                 TS_fix    graine=9 nbC=10;nbV=10;it=100;tabu=7  ok          0.0028s  score=484419 
kittens                                TS_fix    graine=6 nbC=10;nbV=10;it=100;tabu=7  ok          0.3504s  score=858926 
videos_worth_spreading                 TSS_fix   graine=0 nbC=10;nbV=10;it=100;tabu=7  ok         58.1057s  score=484525 
custom_dejavu42                        LS_fix    graine=0 nbC=10;nbV=10;it=5           ok          4.2383s  score=19051 
custom_dejavu42                        TS_fix    graine=0 nbC=10;nbV=10;it=100;tabu=7  ok          0.0317s  score=19051 
custom_dejavu42                        TS_fix    graine=1 nbC=10;nbV=10;it=100;tabu=7  ok          0.1557s  score=19136 
kittens                                TS_fix    graine=7 nbC=10;nbV=10;it=100;tabu=7  ok          0.1618s  score=858879 
custom_dejavu42                        TS_fix    graine=2 nbC=10;nbV=10;it=100;tabu=7  ok           0.011s  score=19051 
custom_dejavu42                        TS_fix    graine=3 nbC=10;nbV=10;it=100;tabu=7  ok          0.0086s  score=19051 
custom_dejavu42                        TS_fix    graine=4 nbC=10;nbV=10;it=100;tabu=7  ok          0.0149s  score=19051 
custom_dejavu42                        TS_fix    graine=5 nbC=10;nbV=10;it=100;tabu=7  ok          0.0574s  score=19051 
custom_dejavu42                        TS_fix    graine=6 nbC=10;nbV=10;it=100;tabu=7  ok          0.0106s  score=19051 
custom_dejavu42                        TS_fix    graine=7 nbC=10;nbV=10;it=100;tabu=7  ok          0.0121s  score=19051 
custom_dejavu42                        TS_fix    graine=8 nbC=10;nbV=10;it=100;tabu=7  ok          0.0549s  score=19051 
kittens                                TS_fix    graine=8 nbC=10;nbV=10;it=100;tabu=7  ok          0.2507s  score=858896 
custom_dejavu42                        TS_fix    graine=9 nbC=10;nbV=10;it=100;tabu=7  ok          0.0193s  score=19051 
custom_dejavu42                        TSS_fix   graine=0 nbC=10;nbV=10;it=100;tabu=7  ok          1.7313s  score=19079 
custom_universallambda42               LS_fix    graine=0 nbC=10;nbV=10;it=5           ok         12.0668s  score=185469 
custom_universallambda42               TS_fix    graine=0 nbC=10;nbV=10;it=100;tabu=7  ok          0.0188s  score=185469 
kittens                                TS_fix    graine=9 nbC=10;nbV=10;it=100;tabu=7  ok           0.052s  score=858869 
custom_universallambda42               TS_fix    graine=1 nbC=10;nbV=10;it=100;tabu=7  ok          0.0215s  score=185469 
custom_universallambda42               TS_fix    graine=2 nbC=10;nbV=10;it=100;tabu=7  ok          0.0334s  score=185469 
custom_universallambda42               TS_fix    graine=3 nbC=10;nbV=10;it=100;tabu=7  ok           0.013s  score=185469 
kittens                                TSS_fix   graine=0 nbC=10;nbV=10;it=100;tabu=7  ok          0.1278s  score=858869 
custom_universallambda42               TS_fix    graine=4 nbC=10;nbV=10;it=100;tabu=7  ok          0.0219s  score=185469 
custom_universallambda42               TS_fix    graine=5 nbC=10;nbV=10;it=100;tabu=7  ok          0.0309s  score=185469 
custom_universallambda42               TS_fix    graine=6 nbC=10;nbV=10;it=100;tabu=7  ok          0.0122s  score=185469 
custom_universallambda42               TS_fix    graine=7 nbC=10;nbV=10;it=100;tabu=7  ok          0.0107s  score=185469 
custom_universallambda42_asymmetric    LS_fix    graine=0 nbC=10;nbV=10;it=5           ok         33.5091s  score=223919 
custom_universallambda42               TS_fix    graine=8 nbC=10;nbV=10;it=100;tabu=7  ok          0.0114s  score=185469 
custom_universallambda42               TS_fix    graine=9 nbC=10;nbV=10;it=100;tabu=7  ok          0.0118s  score=185469 
custom_universallambda42               TSS_fix   graine=0 nbC=10;nbV=10;it=100;tabu=7  ok          0.0942s  score=185469 
instance1                              LS_fix    graine=0 nbC=10;nbV=10;it=5           ok          2.8945s  score=1247139 
instance1                              TS_fix    graine=0 nbC=10;nbV=10;it=100;tabu=7  ok          0.0784s  score=1250477 
instance1                              TS_fix    graine=1 nbC=10;nbV=10;it=100;tabu=7  ok          0.1039s  score=1251780 
instance1                              TS_fix    graine=2 nbC=10;nbV=10;it=100;tabu=7  ok           0.101s  score=1251142 
custom_universallambda42_asymmetric    TS_fix    graine=0 nbC=10;nbV=10;it=100;tabu=7  ok          7.7026s  score=223919 
instance1                              TS_fix    graine=3 nbC=10;nbV=10;it=100;tabu=7  ok          0.0843s  score=1250068 
instance1                              TS_fix    graine=4 nbC=10;nbV=10;it=100;tabu=7  ok          0.0857s  score=1250009 
instance1                              TS_fix    graine=5 nbC=10;nbV=10;it=100;tabu=7  ok          0.1232s  score=1251344 
instance1                              TS_fix    graine=6 nbC=10;nbV=10;it=100;tabu=7  ok          0.0882s  score=1251183 
instance1                              TS_fix    graine=7 nbC=10;nbV=10;it=100;tabu=7  ok          0.1141s  score=1250792 
instance1                              TS_fix    graine=8 nbC=10;nbV=10;it=100;tabu=7  ok          0.1028s  score=1251314 
instance1                              TS_fix    graine=9 nbC=10;nbV=10;it=100;tabu=7  ok          0.0858s  score=1251057 
instance1                              TSS_fix   graine=0 nbC=10;nbV=10;it=100;tabu=7  ok          0.1044s  score=1247139 
instance2                              LS_fix    graine=0 nbC=10;nbV=10;it=5           ok          5.5294s  score=1494057 
instance2                              TS_fix    graine=0 nbC=10;nbV=10;it=100;tabu=7  ok          0.2771s  score=1504964 
instance2                              TS_fix    graine=1 nbC=10;nbV=10;it=100;tabu=7  ok          0.2154s  score=1503210 
custom_universallambda42_asymmetric    TS_fix    graine=1 nbC=10;nbV=10;it=100;tabu=7  ok          7.7489s  score=223919 
instance2                              TS_fix    graine=2 nbC=10;nbV=10;it=100;tabu=7  ok          0.2715s  score=1504948 
instance2                              TS_fix    graine=3 nbC=10;nbV=10;it=100;tabu=7  ok          0.2084s  score=1502568 
instance2                              TS_fix    graine=4 nbC=10;nbV=10;it=100;tabu=7  ok           0.216s  score=1502595 
instance2                              TS_fix    graine=5 nbC=10;nbV=10;it=100;tabu=7  ok          0.2303s  score=1503084 
instance2                              TS_fix    graine=6 nbC=10;nbV=10;it=100;tabu=7  ok          0.2187s  score=1502924 
instance2                              TS_fix    graine=7 nbC=10;nbV=10;it=100;tabu=7  ok          0.2648s  score=1503493 
instance2                              TS_fix    graine=8 nbC=10;nbV=10;it=100;tabu=7  ok           0.215s  score=1503920 
instance2                              TS_fix    graine=9 nbC=10;nbV=10;it=100;tabu=7  ok          0.2134s  score=1502673 
custom_universallambda42_asymmetric    TS_fix    graine=2 nbC=10;nbV=10;it=100;tabu=7  ok          7.3545s  score=223919 
instance2                              TSS_fix   graine=0 nbC=10;nbV=10;it=100;tabu=7  ok          4.3009s  score=1494061 
4990_246_84901_50                      LS_fix    graine=0 nbC=10;nbV=10;it=5           ok         23.0833s  score=1230043 
4990_246_84901_50                      TS_fix    graine=0 nbC=10;nbV=10;it=100;tabu=7  ok          0.6412s  score=1273362 
4990_246_84901_50                      TS_fix    graine=1 nbC=10;nbV=10;it=100;tabu=7  ok          0.6242s  score=1263779 
4990_246_84901_50                      TS_fix    graine=2 nbC=10;nbV=10;it=100;tabu=7  ok           0.661s  score=1276091 
custom_universallambda42_asymmetric    TS_fix    graine=3 nbC=10;nbV=10;it=100;tabu=7  ok          7.5822s  score=223919 
4990_246_84901_50                      TS_fix    graine=3 nbC=10;nbV=10;it=100;tabu=7  ok          0.7713s  score=1269890 
4990_246_84901_50                      TS_fix    graine=4 nbC=10;nbV=10;it=100;tabu=7  ok          0.6656s  score=1270998 
4990_246_84901_50                      TS_fix    graine=5 nbC=10;nbV=10;it=100;tabu=7  ok          0.6319s  score=1270846 
4990_246_84901_50                      TS_fix    graine=6 nbC=10;nbV=10;it=100;tabu=7  ok          0.6543s  score=1273964 
4990_246_84901_50                      TS_fix    graine=7 nbC=10;nbV=10;it=100;tabu=7  ok          0.7442s  score=1269669 
4990_246_84901_50                      TS_fix    graine=8 nbC=10;nbV=10;it=100;tabu=7  ok          0.6698s  score=1268173 
4990_246_84901_50                      TS_fix    graine=9 nbC=10;nbV=10;it=100;tabu=7  ok          0.6866s  score=1260603 
custom_universallambda42_asymmetric    TS_fix    graine=4 nbC=10;nbV=10;it=100;tabu=7  ok          7.7048s  score=223919 
4990_246_84901_50                      TSS_fix   graine=0 nbC=10;nbV=10;it=100;tabu=7  ok         11.3006s  score=1252417 
6970_311_100000_69                     LS_fix    graine=0 nbC=10;nbV=10;it=5           ok          9.7139s  score=1255923 
6970_311_100000_69                     TS_fix    graine=0 nbC=10;nbV=10;it=100;tabu=7  ok          0.3435s  score=1258130 
6970_311_100000_69                     TS_fix    graine=1 nbC=10;nbV=10;it=100;tabu=7  ok          0.3092s  score=1257650 
custom_universallambda42_asymmetric    TS_fix    graine=5 nbC=10;nbV=10;it=100;tabu=7  ok          7.3369s  score=223919 
6970_311_100000_69                     TS_fix    graine=2 nbC=10;nbV=10;it=100;tabu=7  ok          0.4376s  score=1258115 
6970_311_100000_69                     TS_fix    graine=3 nbC=10;nbV=10;it=100;tabu=7  ok          0.3882s  score=1258350 
6970_311_100000_69                     TS_fix    graine=4 nbC=10;nbV=10;it=100;tabu=7  ok          0.3335s  score=1257946 
6970_311_100000_69                     TS_fix    graine=5 nbC=10;nbV=10;it=100;tabu=7  ok           0.342s  score=1258354 
custom_universallambda42_asymmetric    TS_fix    graine=6 nbC=10;nbV=10;it=100;tabu=7  ok           6.766s  score=223919 
6970_311_100000_69                     TS_fix    graine=6 nbC=10;nbV=10;it=100;tabu=7  ok          0.3743s  score=1258626 
6970_311_100000_69                     TS_fix    graine=7 nbC=10;nbV=10;it=100;tabu=7  ok          0.3372s  score=1257954 
6970_311_100000_69                     TS_fix    graine=8 nbC=10;nbV=10;it=100;tabu=7  ok          0.3806s  score=1258047 
6970_311_100000_69                     TS_fix    graine=9 nbC=10;nbV=10;it=100;tabu=7  ok          0.6872s  score=1258141 
6970_311_100000_69                     TSS_fix   graine=0 nbC=10;nbV=10;it=100;tabu=7  ok          6.9109s  score=1255928 
custom_universallambda42_asymmetric    TS_fix    graine=7 nbC=10;nbV=10;it=100;tabu=7  ok          7.4957s  score=223919 
custom_universallambda42_asymmetric    TS_fix    graine=8 nbC=10;nbV=10;it=100;tabu=7  ok          6.8486s  score=223919 
custom_universallambda42_asymmetric    TS_fix    graine=9 nbC=10;nbV=10;it=100;tabu=7  ok          7.0496s  score=223919 
custom_universallambda42_asymmetric    TSS_fix   graine=0 nbC=10;nbV=10;it=100;tabu=7  ok          8.0463s  score=223919 
10000_500_100000_100                   LS_fix    graine=0 nbC=10;nbV=10;it=5           ok        113.5142s  score=1972501 
3860_246_84901_66                      LS_fix    graine=0 nbC=10;nbV=10;it=5           ok         79.4748s  score=1952453 
3860_246_84901_66                      TS_fix    graine=0 nbC=10;nbV=10;it=100;tabu=7  ok          1.3817s  score=1952591 
10000_500_100000_100                   TS_fix    graine=0 nbC=10;nbV=10;it=100;tabu=7  ok          1.0731s  score=1973180 
3860_246_84901_66                      TS_fix    graine=1 nbC=10;nbV=10;it=100;tabu=7  ok           1.216s  score=1952637 
10000_500_100000_100                   TS_fix    graine=1 nbC=10;nbV=10;it=100;tabu=7  ok          0.0761s  score=1972507 
3860_246_84901_66                      TS_fix    graine=2 nbC=10;nbV=10;it=100;tabu=7  ok          1.2514s  score=1952739 
3860_246_84901_66                      TS_fix    graine=3 nbC=10;nbV=10;it=100;tabu=7  ok          1.2863s  score=1952703 
10000_500_100000_100                   TS_fix    graine=2 nbC=10;nbV=10;it=100;tabu=7  ok          0.5681s  score=1972649 
3860_246_84901_66                      TS_fix    graine=4 nbC=10;nbV=10;it=100;tabu=7  ok          1.3277s  score=1952602 
3860_246_84901_66                      TS_fix    graine=5 nbC=10;nbV=10;it=100;tabu=7  ok          1.2556s  score=1952592 
10000_500_100000_100                   TS_fix    graine=3 nbC=10;nbV=10;it=100;tabu=7  ok          0.1389s  score=1972504 
3860_246_84901_66                      TS_fix    graine=6 nbC=10;nbV=10;it=100;tabu=7  ok          1.2381s  score=1952622 
3860_246_84901_66                      TS_fix    graine=7 nbC=10;nbV=10;it=100;tabu=7  ok          1.3684s  score=1952669 
10000_500_100000_100                   TS_fix    graine=4 nbC=10;nbV=10;it=100;tabu=7  ok          1.6048s  score=1972797 
3860_246_84901_66                      TS_fix    graine=8 nbC=10;nbV=10;it=100;tabu=7  ok          1.3111s  score=1952617 
3860_246_84901_66                      TS_fix    graine=9 nbC=10;nbV=10;it=100;tabu=7  ok          1.3588s  score=1952659 
10000_500_100000_100                   TS_fix    graine=5 nbC=10;nbV=10;it=100;tabu=7  ok          0.9084s  score=1972895 
3860_246_84901_66                      TSS_fix   graine=0 nbC=10;nbV=10;it=100;tabu=7  ok          2.9133s  score=1952465 
regional_instance                      LS_fix    graine=0 nbC=10;nbV=10;it=5           ok          0.0209s  score=2276578 
regional_instance                      TS_fix    graine=0 nbC=10;nbV=10;it=100;tabu=7  ok          0.0333s  score=2276578 
regional_instance                      TS_fix    graine=1 nbC=10;nbV=10;it=100;tabu=7  ok          0.0298s  score=2276578 
regional_instance                      TS_fix    graine=2 nbC=10;nbV=10;it=100;tabu=7  ok           0.021s  score=2276578 
regional_instance                      TS_fix    graine=3 nbC=10;nbV=10;it=100;tabu=7  ok          0.0246s  score=2276578 
regional_instance                      TS_fix    graine=4 nbC=10;nbV=10;it=100;tabu=7  ok          0.0287s  score=2276578 
regional_instance                      TS_fix    graine=5 nbC=10;nbV=10;it=100;tabu=7  ok          0.0203s  score=2276578 
regional_instance                      TS_fix    graine=6 nbC=10;nbV=10;it=100;tabu=7  ok          0.0249s  score=2276578 
regional_instance                      TS_fix    graine=7 nbC=10;nbV=10;it=100;tabu=7  ok          0.0503s  score=2276578 
regional_instance                      TS_fix    graine=8 nbC=10;nbV=10;it=100;tabu=7  ok          0.0229s  score=2276578 
regional_instance                      TS_fix    graine=9 nbC=10;nbV=10;it=100;tabu=7  ok          0.0241s  score=2276578 
regional_instance                      TSS_fix   graine=0 nbC=10;nbV=10;it=100;tabu=7  ok          0.1711s  score=2276578 
zipF_instance                          LS_fix    graine=0 nbC=10;nbV=10;it=5           ok          0.0051s  score=1879209 
zipF_instance                          TS_fix    graine=0 nbC=10;nbV=10;it=100;tabu=7  ok           0.027s  score=1879209 
zipF_instance                          TS_fix    graine=1 nbC=10;nbV=10;it=100;tabu=7  ok          0.0844s  score=1879209 
zipF_instance                          TS_fix    graine=2 nbC=10;nbV=10;it=100;tabu=7  ok          0.0242s  score=1879209 
zipF_instance                          TS_fix    graine=3 nbC=10;nbV=10;it=100;tabu=7  ok          0.0253s  score=1879209 
zipF_instance                          TS_fix    graine=4 nbC=10;nbV=10;it=100;tabu=7  ok          0.0333s  score=1879209 
zipF_instance                          TS_fix    graine=5 nbC=10;nbV=10;it=100;tabu=7  ok          0.0623s  score=1879209 
zipF_instance                          TS_fix    graine=6 nbC=10;nbV=10;it=100;tabu=7  ok           0.026s  score=1879209 
zipF_instance                          TS_fix    graine=7 nbC=10;nbV=10;it=100;tabu=7  ok          0.0228s  score=1879209 
zipF_instance                          TS_fix    graine=8 nbC=10;nbV=10;it=100;tabu=7  ok          0.0237s  score=1879209 
zipF_instance                          TS_fix    graine=9 nbC=10;nbV=10;it=100;tabu=7  ok           0.024s  score=1879209 
zipF_instance                          TSS_fix   graine=0 nbC=10;nbV=10;it=100;tabu=7  ok          0.1981s  score=1879209 
big                                    LS_fix    graine=0 nbC=10;nbV=10;it=5           ok          0.0091s  score=271267 
big                                    TS_fix    graine=0 nbC=10;nbV=10;it=100;tabu=7  ok          0.0038s  score=271267 
big                                    TS_fix    graine=1 nbC=10;nbV=10;it=100;tabu=7  ok          0.0027s  score=271267 
big                                    TS_fix    graine=2 nbC=10;nbV=10;it=100;tabu=7  ok          0.0022s  score=271267 
big                                    TS_fix    graine=3 nbC=10;nbV=10;it=100;tabu=7  ok           0.002s  score=271267 
big                                    TS_fix    graine=4 nbC=10;nbV=10;it=100;tabu=7  ok           0.014s  score=271267 
big                                    TS_fix    graine=5 nbC=10;nbV=10;it=100;tabu=7  ok          0.0032s  score=271267 
big                                    TS_fix    graine=6 nbC=10;nbV=10;it=100;tabu=7  ok          0.0024s  score=271267 
big                                    TS_fix    graine=7 nbC=10;nbV=10;it=100;tabu=7  ok           0.002s  score=271267 
big                                    TS_fix    graine=8 nbC=10;nbV=10;it=100;tabu=7  ok          0.0032s  score=271267 
big                                    TS_fix    graine=9 nbC=10;nbV=10;it=100;tabu=7  ok           0.002s  score=271267 
big                                    TSS_fix   graine=0 nbC=10;nbV=10;it=100;tabu=7  ok          0.0063s  score=271267 
supra                                  LS_fix    graine=0 nbC=10;nbV=10;it=5           ok          0.0047s  score=411743 
supra                                  TS_fix    graine=0 nbC=10;nbV=10;it=100;tabu=7  ok          0.0018s  score=411743 
supra                                  TS_fix    graine=1 nbC=10;nbV=10;it=100;tabu=7  ok          0.0019s  score=411743 
supra                                  TS_fix    graine=2 nbC=10;nbV=10;it=100;tabu=7  ok          0.0276s  score=411743 
supra                                  TS_fix    graine=3 nbC=10;nbV=10;it=100;tabu=7  ok          0.0014s  score=411743 
supra                                  TS_fix    graine=4 nbC=10;nbV=10;it=100;tabu=7  ok          0.0015s  score=411743 
supra                                  TS_fix    graine=5 nbC=10;nbV=10;it=100;tabu=7  ok           0.002s  score=411743 
supra                                  TS_fix    graine=6 nbC=10;nbV=10;it=100;tabu=7  ok          0.0018s  score=411743 
supra                                  TS_fix    graine=7 nbC=10;nbV=10;it=100;tabu=7  ok          0.0018s  score=411743 
supra                                  TS_fix    graine=8 nbC=10;nbV=10;it=100;tabu=7  ok          0.0151s  score=411743 
supra                                  TS_fix    graine=9 nbC=10;nbV=10;it=100;tabu=7  ok          0.0023s  score=411743 
supra                                  TSS_fix   graine=0 nbC=10;nbV=10;it=100;tabu=7  ok          0.0029s  score=411743 
INSATANC2D                             LS_fix    graine=0 nbC=10;nbV=10;it=5           ok          2.7307s  score=54644 
INSATANC2D                             TS_fix    graine=0 nbC=10;nbV=10;it=100;tabu=7  ok          0.0051s  score=54644 
INSATANC2D                             TS_fix    graine=1 nbC=10;nbV=10;it=100;tabu=7  ok          0.0242s  score=54644 
INSATANC2D                             TS_fix    graine=2 nbC=10;nbV=10;it=100;tabu=7  ok           0.048s  score=54644 
INSATANC2D                             TS_fix    graine=3 nbC=10;nbV=10;it=100;tabu=7  ok           0.006s  score=54644 
INSATANC2D                             TS_fix    graine=4 nbC=10;nbV=10;it=100;tabu=7  ok          0.0165s  score=54644 
INSATANC2D                             TS_fix    graine=5 nbC=10;nbV=10;it=100;tabu=7  ok          0.0058s  score=54644 
INSATANC2D                             TS_fix    graine=6 nbC=10;nbV=10;it=100;tabu=7  ok          0.0398s  score=54644 
INSATANC2D                             TS_fix    graine=7 nbC=10;nbV=10;it=100;tabu=7  ok          0.0087s  score=54644 
INSATANC2D                             TS_fix    graine=8 nbC=10;nbV=10;it=100;tabu=7  ok           0.025s  score=54644 
INSATANC2D                             TS_fix    graine=9 nbC=10;nbV=10;it=100;tabu=7  ok          0.0246s  score=54644 
INSATANC2D                             TSS_fix   graine=0 nbC=10;nbV=10;it=100;tabu=7  ok           0.097s  score=54650 
INSTANCED                              LS_fix    graine=0 nbC=10;nbV=10;it=5           ok          0.3891s  score=1138318 
INSTANCED                              TS_fix    graine=0 nbC=10;nbV=10;it=100;tabu=7  ok          0.1146s  score=1138318 
INSTANCED                              TS_fix    graine=1 nbC=10;nbV=10;it=100;tabu=7  ok          0.0232s  score=1138318 
INSTANCED                              TS_fix    graine=2 nbC=10;nbV=10;it=100;tabu=7  ok          0.6153s  score=1138318 
INSTANCED                              TS_fix    graine=3 nbC=10;nbV=10;it=100;tabu=7  ok          0.0125s  score=1138318 
INSTANCED                              TS_fix    graine=4 nbC=10;nbV=10;it=100;tabu=7  ok          0.1287s  score=1138318 
INSTANCED                              TS_fix    graine=5 nbC=10;nbV=10;it=100;tabu=7  ok           0.067s  score=1138318 
INSTANCED                              TS_fix    graine=6 nbC=10;nbV=10;it=100;tabu=7  ok          0.2772s  score=1138318 
INSTANCED                              TS_fix    graine=7 nbC=10;nbV=10;it=100;tabu=7  ok          0.0358s  score=1138318 
INSTANCED                              TS_fix    graine=8 nbC=10;nbV=10;it=100;tabu=7  ok          0.0244s  score=1138318 
INSTANCED                              TS_fix    graine=9 nbC=10;nbV=10;it=100;tabu=7  ok          0.0982s  score=1138318 
INSTANCED                              TSS_fix   graine=0 nbC=10;nbV=10;it=100;tabu=7  ok          0.0841s  score=1138318 
2_2_2_1                                LS_fix    graine=0 nbC=10;nbV=10;it=5           ok          0.0008s  score=951327 
2_2_2_1                                TS_fix    graine=0 nbC=10;nbV=10;it=100;tabu=7  ok          0.0008s  score=951327 
2_2_2_1                                TS_fix    graine=1 nbC=10;nbV=10;it=100;tabu=7  ok           0.001s  score=951327 
2_2_2_1                                TS_fix    graine=2 nbC=10;nbV=10;it=100;tabu=7  ok          0.0019s  score=951327 
2_2_2_1                                TS_fix    graine=3 nbC=10;nbV=10;it=100;tabu=7  ok          0.0008s  score=951327 
2_2_2_1                                TS_fix    graine=4 nbC=10;nbV=10;it=100;tabu=7  ok          0.0008s  score=951327 
2_2_2_1                                TS_fix    graine=5 nbC=10;nbV=10;it=100;tabu=7  ok           0.001s  score=951327 
2_2_2_1                                TS_fix    graine=6 nbC=10;nbV=10;it=100;tabu=7  ok          0.0008s  score=951327 
2_2_2_1                                TS_fix    graine=7 nbC=10;nbV=10;it=100;tabu=7  ok           0.002s  score=951327 
2_2_2_1                                TS_fix    graine=8 nbC=10;nbV=10;it=100;tabu=7  ok          0.0009s  score=951327 
2_2_2_1                                TS_fix    graine=9 nbC=10;nbV=10;it=100;tabu=7  ok            0.03s  score=951327 
2_2_2_1                                TSS_fix   graine=0 nbC=10;nbV=10;it=100;tabu=7  ok          0.0015s  score=951327 
4_2_4_2                                LS_fix    graine=0 nbC=10;nbV=10;it=5           ok          0.0011s  score=655321 
4_2_4_2                                TS_fix    graine=0 nbC=10;nbV=10;it=100;tabu=7  ok          0.0051s  score=982271 
4_2_4_2                                TS_fix    graine=1 nbC=10;nbV=10;it=100;tabu=7  ok          0.0009s  score=655321 
4_2_4_2                                TS_fix    graine=2 nbC=10;nbV=10;it=100;tabu=7  ok          0.0014s  score=982271 
4_2_4_2                                TS_fix    graine=3 nbC=10;nbV=10;it=100;tabu=7  ok          0.0011s  score=982271 
4_2_4_2                                TS_fix    graine=4 nbC=10;nbV=10;it=100;tabu=7  ok           0.001s  score=982271 
4_2_4_2                                TS_fix    graine=5 nbC=10;nbV=10;it=100;tabu=7  ok          0.0011s  score=982271 
4_2_4_2                                TS_fix    graine=6 nbC=10;nbV=10;it=100;tabu=7  ok           0.001s  score=655321 
4_2_4_2                                TS_fix    graine=7 nbC=10;nbV=10;it=100;tabu=7  ok          0.0009s  score=982271 
4_2_4_2                                TS_fix    graine=8 nbC=10;nbV=10;it=100;tabu=7  ok          0.0011s  score=982271 
4_2_4_2                                TS_fix    graine=9 nbC=10;nbV=10;it=100;tabu=7  ok          0.0089s  score=655321 
4_2_4_2                                TSS_fix   graine=0 nbC=10;nbV=10;it=100;tabu=7  ok          0.1087s  score=982271 
6_2_6_2                                LS_fix    graine=0 nbC=10;nbV=10;it=5           ok          0.0154s  score=499524 
6_2_6_2                                TS_fix    graine=0 nbC=10;nbV=10;it=100;tabu=7  ok          0.0038s  score=998499 
6_2_6_2                                TS_fix    graine=1 nbC=10;nbV=10;it=100;tabu=7  ok          0.0313s  score=832174 
6_2_6_2                                TS_fix    graine=2 nbC=10;nbV=10;it=100;tabu=7  ok          0.0087s  score=998499 
6_2_6_2                                TS_fix    graine=3 nbC=10;nbV=10;it=100;tabu=7  ok           0.018s  score=998499 
6_2_6_2                                TS_fix    graine=4 nbC=10;nbV=10;it=100;tabu=7  ok          0.0028s  score=832174 
6_2_6_2                                TS_fix    graine=5 nbC=10;nbV=10;it=100;tabu=7  ok          0.0148s  score=998499 
6_2_6_2                                TS_fix    graine=6 nbC=10;nbV=10;it=100;tabu=7  ok          0.0049s  score=832174 
6_2_6_2                                TS_fix    graine=7 nbC=10;nbV=10;it=100;tabu=7  ok           0.021s  score=998499 
6_2_6_2                                TS_fix    graine=8 nbC=10;nbV=10;it=100;tabu=7  ok          0.0035s  score=998499 
6_2_6_2                                TS_fix    graine=9 nbC=10;nbV=10;it=100;tabu=7  ok          0.0044s  score=832174 
6_2_6_2                                TSS_fix   graine=0 nbC=10;nbV=10;it=100;tabu=7  ok          0.0019s  score=998499 
8_2_8_2                                LS_fix    graine=0 nbC=10;nbV=10;it=5           ok          0.0033s  score=567228 
8_2_8_2                                TS_fix    graine=0 nbC=10;nbV=10;it=100;tabu=7  ok          0.0042s  score=857014 
8_2_8_2                                TS_fix    graine=1 nbC=10;nbV=10;it=100;tabu=7  ok          0.0032s  score=857014 
8_2_8_2                                TS_fix    graine=2 nbC=10;nbV=10;it=100;tabu=7  ok          0.0076s  score=857014 
8_2_8_2                                TS_fix    graine=3 nbC=10;nbV=10;it=100;tabu=7  ok          0.0035s  score=991480 
8_2_8_2                                TS_fix    graine=4 nbC=10;nbV=10;it=100;tabu=7  ok          0.0034s  score=991480 
8_2_8_2                                TS_fix    graine=5 nbC=10;nbV=10;it=100;tabu=7  ok          0.0043s  score=857014 
8_2_8_2                                TS_fix    graine=6 nbC=10;nbV=10;it=100;tabu=7  ok          0.0038s  score=991480 
8_2_8_2                                TS_fix    graine=7 nbC=10;nbV=10;it=100;tabu=7  ok          0.0034s  score=991480 
8_2_8_2                                TS_fix    graine=8 nbC=10;nbV=10;it=100;tabu=7  ok          0.0033s  score=857014 
8_2_8_2                                TS_fix    graine=9 nbC=10;nbV=10;it=100;tabu=7  ok          0.0033s  score=991480 
8_2_8_2                                TSS_fix   graine=0 nbC=10;nbV=10;it=100;tabu=7  ok          0.0023s  score=991480 
20_2_20_2                              LS_fix    graine=0 nbC=10;nbV=10;it=5           ok          0.0011s  score=524928 
20_2_20_2                              TS_fix    graine=0 nbC=10;nbV=10;it=100;tabu=7  ok           0.006s  score=524928 
20_2_20_2                              TS_fix    graine=1 nbC=10;nbV=10;it=100;tabu=7  ok          0.0046s  score=524928 
20_2_20_2                              TS_fix    graine=2 nbC=10;nbV=10;it=100;tabu=7  ok          0.0041s  score=524928 
20_2_20_2                              TS_fix    graine=3 nbC=10;nbV=10;it=100;tabu=7  ok          0.0046s  score=524928 
20_2_20_2                              TS_fix    graine=4 nbC=10;nbV=10;it=100;tabu=7  ok          0.0043s  score=524928 
20_2_20_2                              TS_fix    graine=5 nbC=10;nbV=10;it=100;tabu=7  ok          0.0046s  score=524928 
20_2_20_2                              TS_fix    graine=6 nbC=10;nbV=10;it=100;tabu=7  ok          0.0041s  score=524928 
20_2_20_2                              TS_fix    graine=7 nbC=10;nbV=10;it=100;tabu=7  ok          0.0042s  score=524928 
20_2_20_2                              TS_fix    graine=8 nbC=10;nbV=10;it=100;tabu=7  ok          0.0078s  score=524928 
20_2_20_2                              TS_fix    graine=9 nbC=10;nbV=10;it=100;tabu=7  ok          0.0077s  score=524928 
20_2_20_2                              TSS_fix   graine=0 nbC=10;nbV=10;it=100;tabu=7  ok          0.0041s  score=524928 
10000_500_100000_100                   TS_fix    graine=6 nbC=10;nbV=10;it=100;tabu=7  ok          0.1827s  score=1972525 
realistic_large_clustered              LS_fix    graine=0 nbC=10;nbV=10;it=5           ok         23.3462s  score=728718 
realistic_large_clustered              TS_fix    graine=0 nbC=10;nbV=10;it=100;tabu=7  ok          0.0171s  score=728718 
realistic_large_clustered              TS_fix    graine=1 nbC=10;nbV=10;it=100;tabu=7  ok          0.1308s  score=728718 
realistic_large_clustered              TS_fix    graine=2 nbC=10;nbV=10;it=100;tabu=7  ok          0.0471s  score=728718 
10000_500_100000_100                   TS_fix    graine=7 nbC=10;nbV=10;it=100;tabu=7  ok          1.5757s  score=1972794 
realistic_large_clustered              TS_fix    graine=3 nbC=10;nbV=10;it=100;tabu=7  ok          0.0153s  score=728718 
realistic_large_clustered              TS_fix    graine=4 nbC=10;nbV=10;it=100;tabu=7  ok          0.0449s  score=728718 
realistic_large_clustered              TS_fix    graine=5 nbC=10;nbV=10;it=100;tabu=7  ok          0.0311s  score=728718 
realistic_large_clustered              TS_fix    graine=6 nbC=10;nbV=10;it=100;tabu=7  ok          0.0134s  score=728718 
realistic_large_clustered              TS_fix    graine=7 nbC=10;nbV=10;it=100;tabu=7  ok          0.0129s  score=728718 
realistic_large_clustered              TS_fix    graine=8 nbC=10;nbV=10;it=100;tabu=7  ok          0.0287s  score=728718 
10000_500_100000_100                   TS_fix    graine=8 nbC=10;nbV=10;it=100;tabu=7  ok          1.0642s  score=1972977 
realistic_large_clustered              TS_fix    graine=9 nbC=10;nbV=10;it=100;tabu=7  ok          0.0645s  score=728718 
realistic_large_clustered              TSS_fix   graine=0 nbC=10;nbV=10;it=100;tabu=7  ok          81.153s  score=728726 
10000_500_100000_100                   TS_fix    graine=9 nbC=10;nbV=10;it=100;tabu=7  ok          1.4064s  score=1972907 
realistic_large_random                 LS_fix    graine=0 nbC=10;nbV=10;it=5           ok          32.587s  score=720314 
realistic_large_random                 TS_fix    graine=0 nbC=10;nbV=10;it=100;tabu=7  ok          0.0248s  score=720314 
realistic_large_random                 TS_fix    graine=1 nbC=10;nbV=10;it=100;tabu=7  ok          0.0781s  score=720314 
10000_500_100000_100                   TSS_fix   graine=0 nbC=10;nbV=10;it=100;tabu=7  ok          1.9073s  score=1972503 
dense                                  LS_fix    graine=0 nbC=10;nbV=10;it=5           ok          0.4876s  score=69683 
dense                                  TS_fix    graine=0 nbC=10;nbV=10;it=100;tabu=7  ok          0.0034s  score=69683 
realistic_large_random                 TS_fix    graine=2 nbC=10;nbV=10;it=100;tabu=7  ok          0.0566s  score=720314 
dense                                  TS_fix    graine=1 nbC=10;nbV=10;it=100;tabu=7  ok          0.0031s  score=69683 
dense                                  TS_fix    graine=2 nbC=10;nbV=10;it=100;tabu=7  ok          0.0029s  score=69683 
dense                                  TS_fix    graine=3 nbC=10;nbV=10;it=100;tabu=7  ok          0.0037s  score=69683 
dense                                  TS_fix    graine=4 nbC=10;nbV=10;it=100;tabu=7  ok           0.006s  score=69683 
dense                                  TS_fix    graine=5 nbC=10;nbV=10;it=100;tabu=7  ok          0.0025s  score=69683 
dense                                  TS_fix    graine=6 nbC=10;nbV=10;it=100;tabu=7  ok          0.0026s  score=69683 
dense                                  TS_fix    graine=7 nbC=10;nbV=10;it=100;tabu=7  ok          0.0033s  score=69683 
dense                                  TS_fix    graine=8 nbC=10;nbV=10;it=100;tabu=7  ok          0.0325s  score=69683 
dense                                  TS_fix    graine=9 nbC=10;nbV=10;it=100;tabu=7  ok          0.0041s  score=69683 
dense                                  TSS_fix   graine=0 nbC=10;nbV=10;it=100;tabu=7  ok          0.0208s  score=69683 
dense2                                 LS_fix    graine=0 nbC=10;nbV=10;it=5           ok          0.2565s  score=284493 
dense2                                 TS_fix    graine=0 nbC=10;nbV=10;it=100;tabu=7  ok          0.0023s  score=284493 
dense2                                 TS_fix    graine=1 nbC=10;nbV=10;it=100;tabu=7  ok          0.0031s  score=284493 
dense2                                 TS_fix    graine=2 nbC=10;nbV=10;it=100;tabu=7  ok          0.0092s  score=284493 
dense2                                 TS_fix    graine=3 nbC=10;nbV=10;it=100;tabu=7  ok          0.0024s  score=284493 
dense2                                 TS_fix    graine=4 nbC=10;nbV=10;it=100;tabu=7  ok          0.0045s  score=284493 
dense2                                 TS_fix    graine=5 nbC=10;nbV=10;it=100;tabu=7  ok          0.0025s  score=284493 
dense2                                 TS_fix    graine=6 nbC=10;nbV=10;it=100;tabu=7  ok          0.0025s  score=284493 
dense2                                 TS_fix    graine=7 nbC=10;nbV=10;it=100;tabu=7  ok          0.0026s  score=284493 
dense2                                 TS_fix    graine=8 nbC=10;nbV=10;it=100;tabu=7  ok          0.0025s  score=284493 
dense2                                 TS_fix    graine=9 nbC=10;nbV=10;it=100;tabu=7  ok          0.0029s  score=284493 
dense2                                 TSS_fix   graine=0 nbC=10;nbV=10;it=100;tabu=7  ok          0.0199s  score=284493 
medium_mixed_lambda                    LS_fix    graine=0 nbC=10;nbV=10;it=5           ok           0.355s  score=18347 
medium_mixed_lambda                    TS_fix    graine=0 nbC=10;nbV=10;it=100;tabu=7  ok          0.0083s  score=18347 
medium_mixed_lambda                    TS_fix    graine=1 nbC=10;nbV=10;it=100;tabu=7  ok          0.0171s  score=18425 
medium_mixed_lambda                    TS_fix    graine=2 nbC=10;nbV=10;it=100;tabu=7  ok          0.0037s  score=18347 
medium_mixed_lambda                    TS_fix    graine=3 nbC=10;nbV=10;it=100;tabu=7  ok           0.004s  score=18347 
medium_mixed_lambda                    TS_fix    graine=4 nbC=10;nbV=10;it=100;tabu=7  ok          0.0156s  score=18430 
medium_mixed_lambda                    TS_fix    graine=5 nbC=10;nbV=10;it=100;tabu=7  ok          0.0047s  score=18347 
medium_mixed_lambda                    TS_fix    graine=6 nbC=10;nbV=10;it=100;tabu=7  ok          0.0249s  score=18347 
medium_mixed_lambda                    TS_fix    graine=7 nbC=10;nbV=10;it=100;tabu=7  ok          0.0431s  score=18347 
medium_mixed_lambda                    TS_fix    graine=8 nbC=10;nbV=10;it=100;tabu=7  ok          0.0057s  score=18347 
medium_mixed_lambda                    TS_fix    graine=9 nbC=10;nbV=10;it=100;tabu=7  ok          0.0475s  score=18847 
medium_mixed_lambda                    TSS_fix   graine=0 nbC=10;nbV=10;it=100;tabu=7  ok          0.3708s  score=18347 
realistic_large_random                 TS_fix    graine=3 nbC=10;nbV=10;it=100;tabu=7  ok          0.0183s  score=720314 
medium_skew_dense_dejavu               LS_fix    graine=0 nbC=10;nbV=10;it=5           ok          6.4581s  score=80680 
medium_skew_dense_dejavu               TS_fix    graine=0 nbC=10;nbV=10;it=100;tabu=7  ok          0.9955s  score=81646 
medium_skew_dense_dejavu               TS_fix    graine=1 nbC=10;nbV=10;it=100;tabu=7  ok          0.2536s  score=80906 
realistic_large_random                 TS_fix    graine=4 nbC=10;nbV=10;it=100;tabu=7  ok          0.0235s  score=720314 
medium_skew_dense_dejavu               TS_fix    graine=2 nbC=10;nbV=10;it=100;tabu=7  ok          0.1746s  score=80680 
medium_skew_dense_dejavu               TS_fix    graine=3 nbC=10;nbV=10;it=100;tabu=7  ok          0.1991s  score=80705 
medium_skew_dense_dejavu               TS_fix    graine=4 nbC=10;nbV=10;it=100;tabu=7  ok          0.2785s  score=80932 
medium_skew_dense_dejavu               TS_fix    graine=5 nbC=10;nbV=10;it=100;tabu=7  ok          0.0329s  score=80680 
realistic_large_random                 TS_fix    graine=5 nbC=10;nbV=10;it=100;tabu=7  ok          0.0419s  score=720314 
medium_skew_dense_dejavu               TS_fix    graine=6 nbC=10;nbV=10;it=100;tabu=7  ok          0.0219s  score=80680 
medium_skew_dense_dejavu               TS_fix    graine=7 nbC=10;nbV=10;it=100;tabu=7  ok          0.0593s  score=80680 
medium_skew_dense_dejavu               TS_fix    graine=8 nbC=10;nbV=10;it=100;tabu=7  ok          0.1123s  score=80680 
medium_skew_dense_dejavu               TS_fix    graine=9 nbC=10;nbV=10;it=100;tabu=7  ok          0.7449s  score=81796 
realistic_large_random                 TS_fix    graine=6 nbC=10;nbV=10;it=100;tabu=7  ok          0.0151s  score=720314 
medium_skew_dense_dejavu               TSS_fix   graine=0 nbC=10;nbV=10;it=100;tabu=7  ok          6.5464s  score=80860 
medium_skew_sparse_lambda              LS_fix    graine=0 nbC=10;nbV=10;it=5           ok          0.0888s  score=16564 
medium_skew_sparse_lambda              TS_fix    graine=0 nbC=10;nbV=10;it=100;tabu=7  ok          0.0023s  score=16564 
medium_skew_sparse_lambda              TS_fix    graine=1 nbC=10;nbV=10;it=100;tabu=7  ok          0.0048s  score=16564 
medium_skew_sparse_lambda              TS_fix    graine=2 nbC=10;nbV=10;it=100;tabu=7  ok          0.0056s  score=16564 
medium_skew_sparse_lambda              TS_fix    graine=3 nbC=10;nbV=10;it=100;tabu=7  ok          0.0098s  score=16626 
medium_skew_sparse_lambda              TS_fix    graine=4 nbC=10;nbV=10;it=100;tabu=7  ok          0.0052s  score=16564 
medium_skew_sparse_lambda              TS_fix    graine=5 nbC=10;nbV=10;it=100;tabu=7  ok          0.0112s  score=16696 
medium_skew_sparse_lambda              TS_fix    graine=6 nbC=10;nbV=10;it=100;tabu=7  ok          0.0033s  score=16564 
medium_skew_sparse_lambda              TS_fix    graine=7 nbC=10;nbV=10;it=100;tabu=7  ok          0.0022s  score=16564 
medium_skew_sparse_lambda              TS_fix    graine=8 nbC=10;nbV=10;it=100;tabu=7  ok          0.0022s  score=16564 
medium_skew_sparse_lambda              TS_fix    graine=9 nbC=10;nbV=10;it=100;tabu=7  ok          0.0037s  score=16564 
medium_skew_sparse_lambda              TSS_fix   graine=0 nbC=10;nbV=10;it=100;tabu=7  ok          0.1792s  score=16573 
medium_flat_dense_dejavu               LS_fix    graine=0 nbC=10;nbV=10;it=5           ok          5.7992s  score=36479 
realistic_large_random                 TS_fix    graine=7 nbC=10;nbV=10;it=100;tabu=7  ok          0.0133s  score=720314 
medium_flat_dense_dejavu               TS_fix    graine=0 nbC=10;nbV=10;it=100;tabu=7  ok          0.1146s  score=36479 
medium_flat_dense_dejavu               TS_fix    graine=1 nbC=10;nbV=10;it=100;tabu=7  ok          0.4774s  score=36947 
medium_flat_dense_dejavu               TS_fix    graine=2 nbC=10;nbV=10;it=100;tabu=7  ok          0.1196s  score=36598 
medium_flat_dense_dejavu               TS_fix    graine=3 nbC=10;nbV=10;it=100;tabu=7  ok           1.001s  score=36929 
realistic_large_random                 TS_fix    graine=8 nbC=10;nbV=10;it=100;tabu=7  ok          0.0152s  score=720314 
medium_flat_dense_dejavu               TS_fix    graine=4 nbC=10;nbV=10;it=100;tabu=7  ok          0.0805s  score=36479 
medium_flat_dense_dejavu               TS_fix    graine=5 nbC=10;nbV=10;it=100;tabu=7  ok          0.1009s  score=36479 
medium_flat_dense_dejavu               TS_fix    graine=6 nbC=10;nbV=10;it=100;tabu=7  ok          0.1939s  score=36605 
medium_flat_dense_dejavu               TS_fix    graine=7 nbC=10;nbV=10;it=100;tabu=7  ok          0.0277s  score=36479 
realistic_large_random                 TS_fix    graine=9 nbC=10;nbV=10;it=100;tabu=7  ok          0.0327s  score=720314 
medium_flat_dense_dejavu               TS_fix    graine=8 nbC=10;nbV=10;it=100;tabu=7  ok          0.5875s  score=36920 
medium_flat_dense_dejavu               TS_fix    graine=9 nbC=10;nbV=10;it=100;tabu=7  ok          0.1347s  score=36544 
medium_flat_dense_dejavu               TSS_fix   graine=0 nbC=10;nbV=10;it=100;tabu=7  ok          3.2377s  score=36479 
medium_flat_sparse_lambda              LS_fix    graine=0 nbC=10;nbV=10;it=5           ok          0.3596s  score=3981 
medium_flat_sparse_lambda              TS_fix    graine=0 nbC=10;nbV=10;it=100;tabu=7  ok          0.0225s  score=4019 
medium_flat_sparse_lambda              TS_fix    graine=1 nbC=10;nbV=10;it=100;tabu=7  ok          0.0118s  score=3981 
medium_flat_sparse_lambda              TS_fix    graine=2 nbC=10;nbV=10;it=100;tabu=7  ok           0.008s  score=3981 
medium_flat_sparse_lambda              TS_fix    graine=3 nbC=10;nbV=10;it=100;tabu=7  ok          0.0071s  score=3981 
medium_flat_sparse_lambda              TS_fix    graine=4 nbC=10;nbV=10;it=100;tabu=7  ok          0.0066s  score=3981 
medium_flat_sparse_lambda              TS_fix    graine=5 nbC=10;nbV=10;it=100;tabu=7  ok          0.0264s  score=4034 
medium_flat_sparse_lambda              TS_fix    graine=6 nbC=10;nbV=10;it=100;tabu=7  ok          0.0212s  score=3981 
medium_flat_sparse_lambda              TS_fix    graine=7 nbC=10;nbV=10;it=100;tabu=7  ok          0.0062s  score=3981 
medium_flat_sparse_lambda              TS_fix    graine=8 nbC=10;nbV=10;it=100;tabu=7  ok          0.0064s  score=3981 
medium_flat_sparse_lambda              TS_fix    graine=9 nbC=10;nbV=10;it=100;tabu=7  ok          0.0063s  score=3981 
medium_flat_sparse_lambda              TSS_fix   graine=0 nbC=10;nbV=10;it=100;tabu=7  ok          0.0285s  score=3981 
realistic_large_random                 TSS_fix   graine=0 nbC=10;nbV=10;it=100;tabu=7  ok         66.0295s  score=720322 
