{'instance': 'kittens', 'algo': 'Greedy', 'n_placed': 7209, 'n_useless': 27, 'useless_share': 0.0037, 'wasted_capacity_share': 0.0, 'copies_per_video': 1.507, 'served_by_cache_share': 0.4062, 'fill_rate': 1.0}
{'instance': 'kittens', 'algo': 'Greedy2', 'n_placed': 6392, 'n_useless': 0, 'useless_share': 0.0, 'wasted_capacity_share': 0.0, 'copies_per_video': 1.0, 'served_by_cache_share': 0.6811, 'fill_rate': 0.998}
{'instance': 'kittens', 'algo': 'Greedy3', 'n_placed': 8950, 'n_useless': 5797, 'useless_share': 0.6477, 'wasted_capacity_share': 0.7388, 'copies_per_video': 22.658, 'served_by_cache_share': 0.0392, 'fill_rate': 1.0}
{'instance': 'kittens', 'algo': 'KS_indep', 'n_placed': 5032, 'n_useless': 1113, 'useless_share': 0.2212, 'wasted_capacity_share': 0.0054, 'copies_per_video': 11.757, 'served_by_cache_share': 0.0443, 'fill_rate': 0.03}
{'instance': 'kittens', 'algo': 'KS_maj', 'n_placed': 1526, 'n_useless': 0, 'useless_share': 0.0, 'wasted_capacity_share': 0.0, 'copies_per_video': 1.272, 'served_by_cache_share': 0.1067, 'fill_rate': 0.028}
{'instance': 'me_at_the_zoo', 'algo': 'Greedy', 'n_placed': 51, 'n_useless': 2, 'useless_share': 0.0392, 'wasted_capacity_share': 0.031, 'copies_per_video': 2.125, 'served_by_cache_share': 0.8526, 'fill_rate': 0.952}
{'instance': 'me_at_the_zoo', 'algo': 'Greedy2', 'n_placed': 33, 'n_useless': 0, 'useless_share': 0.0, 'wasted_capacity_share': 0.0, 'copies_per_video': 1.0, 'served_by_cache_share': 0.7064, 'fill_rate': 0.787}
{'instance': 'me_at_the_zoo', 'algo': 'Greedy3', 'n_placed': 32, 'n_useless': 12, 'useless_share': 0.375, 'wasted_capacity_share': 0.296, 'copies_per_video': 2.909, 'served_by_cache_share': 0.4991, 'fill_rate': 0.714}
{'instance': 'me_at_the_zoo', 'algo': 'KS_indep', 'n_placed': 76, 'n_useless': 34, 'useless_share': 0.4474, 'wasted_capacity_share': 0.313, 'copies_per_video': 4.0, 'served_by_cache_share': 0.7813, 'fill_rate': 0.976}
{'instance': 'me_at_the_zoo', 'algo': 'KS_maj', 'n_placed': 51, 'n_useless': 3, 'useless_share': 0.0588, 'wasted_capacity_share': 0.01, 'copies_per_video': 1.759, 'served_by_cache_share': 0.9115, 'fill_rate': 0.913}
{'instance': 'trending_today', 'algo': 'Greedy', 'n_placed': 10105, 'n_useless': 3775, 'useless_share': 0.3736, 'wasted_capacity_share': 0.3693, 'copies_per_video': 1.596, 'served_by_cache_share': 0.7049, 'fill_rate': 0.9993}
{'instance': 'trending_today', 'algo': 'Greedy2', 'n_placed': 9996, 'n_useless': 0, 'useless_share': 0.0, 'wasted_capacity_share': 0.0, 'copies_per_video': 1.0, 'served_by_cache_share': 1.0, 'fill_rate': 0.9993}
{'instance': 'trending_today', 'algo': 'Greedy3', 'n_placed': 8700, 'n_useless': 8613, 'useless_share': 0.99, 'wasted_capacity_share': 0.9884, 'copies_per_video': 100.0, 'served_by_cache_share': 0.0102, 'fill_rate': 0.9984}
{'instance': 'trending_today', 'algo': 'KS_indep', 'n_placed': 0, 'n_useless': 0, 'useless_share': 0, 'wasted_capacity_share': 0.0, 'copies_per_video': 0, 'served_by_cache_share': 0.0, 'fill_rate': 0.0}
{'instance': 'trending_today', 'algo': 'KS_maj', 'n_placed': 9993, 'n_useless': 0, 'useless_share': 0.0, 'wasted_capacity_share': 0.0, 'copies_per_video': 1.0, 'served_by_cache_share': 0.9999, 'fill_rate': 0.9987}
{'instance': 'videos_worth_spreading', 'algo': 'Greedy', 'n_placed': 3507, 'n_useless': 271, 'useless_share': 0.0773, 'wasted_capacity_share': 0.0935, 'copies_per_video': 2.641, 'served_by_cache_share': 0.5518, 'fill_rate': 0.9999}
{'instance': 'videos_worth_spreading', 'algo': 'Greedy2', 'n_placed': 3487, 'n_useless': 0, 'useless_share': 0.0, 'wasted_capacity_share': 0.0, 'copies_per_video': 1.0, 'served_by_cache_share': 0.1549, 'fill_rate': 0.9995}
{'instance': 'videos_worth_spreading', 'algo': 'Greedy3', 'n_placed': 521, 'n_useless': 142, 'useless_share': 0.2726, 'wasted_capacity_share': 0.0428, 'copies_per_video': 7.137, 'served_by_cache_share': 0.2899, 'fill_rate': 0.1752}
{'instance': 'videos_worth_spreading', 'algo': 'KS_indep', 'n_placed': 774, 'n_useless': 97, 'useless_share': 0.1253, 'wasted_capacity_share': 0.0083, 'copies_per_video': 3.185, 'served_by_cache_share': 0.2032, 'fill_rate': 0.09}
{'instance': 'videos_worth_spreading', 'algo': 'KS_maj', 'n_placed': 4683, 'n_useless': 113, 'useless_share': 0.0241, 'wasted_capacity_share': 0.0018, 'copies_per_video': 2.823, 'served_by_cache_share': 0.543, 'fill_rate': 0.68}
{'instance': 'custom_dejavu42', 'algo': 'Greedy', 'n_placed': 737, 'n_useless': 0, 'useless_share': 0.0, 'wasted_capacity_share': 0.0, 'copies_per_video': 1.024, 'served_by_cache_share': 0.0257, 'fill_rate': 0.9996}
{'instance': 'custom_dejavu42', 'algo': 'Greedy2', 'n_placed': 721, 'n_useless': 0, 'useless_share': 0.0, 'wasted_capacity_share': 0.0, 'copies_per_video': 1.0, 'served_by_cache_share': 0.0531, 'fill_rate': 0.9994}
{'instance': 'custom_dejavu42', 'algo': 'Greedy3', 'n_placed': 460, 'n_useless': 113, 'useless_share': 0.2457, 'wasted_capacity_share': 0.1439, 'copies_per_video': 4.0, 'served_by_cache_share': 0.0094, 'fill_rate': 0.5957}
{'instance': 'custom_dejavu42', 'algo': 'KS_indep', 'n_placed': 4891, 'n_useless': 1292, 'useless_share': 0.2642, 'wasted_capacity_share': 0.2001, 'copies_per_video': 4.491, 'served_by_cache_share': 0.0945, 'fill_rate': 1.0}
{'instance': 'custom_dejavu42', 'algo': 'KS_maj', 'n_placed': 3382, 'n_useless': 76, 'useless_share': 0.0225, 'wasted_capacity_share': 0.01, 'copies_per_video': 1.972, 'served_by_cache_share': 0.1236, 'fill_rate': 1.0}
{'instance': 'custom_universallambda42', 'algo': 'Greedy', 'n_placed': 874, 'n_useless': 0, 'useless_share': 0.0, 'wasted_capacity_share': 0.0, 'copies_per_video': 1.109, 'served_by_cache_share': 0.1043, 'fill_rate': 1.0}
{'instance': 'custom_universallambda42', 'algo': 'Greedy2', 'n_placed': 648, 'n_useless': 0, 'useless_share': 0.0, 'wasted_capacity_share': 0.0, 'copies_per_video': 1.0, 'served_by_cache_share': 0.0878, 'fill_rate': 1.0}
{'instance': 'custom_universallambda42', 'algo': 'Greedy3', 'n_placed': 67, 'n_useless': 0, 'useless_share': 0.0, 'wasted_capacity_share': 0.0, 'copies_per_video': 8.375, 'served_by_cache_share': 0.0007, 'fill_rate': 1.0}
{'instance': 'custom_universallambda42', 'algo': 'KS_indep', 'n_placed': 40000, 'n_useless': 379, 'useless_share': 0.0095, 'wasted_capacity_share': 0.0095, 'copies_per_video': 12.63, 'served_by_cache_share': 0.6139, 'fill_rate': 1.0}
{'instance': 'custom_universallambda42', 'algo': 'KS_maj', 'n_placed': 10193, 'n_useless': 0, 'useless_share': 0.0, 'wasted_capacity_share': 0.0, 'copies_per_video': 1.505, 'served_by_cache_share': 0.6558, 'fill_rate': 1.0}
{'instance': 'custom_universallambda42_asymmetric', 'algo': 'Greedy', 'n_placed': 1106, 'n_useless': 0, 'useless_share': 0.0, 'wasted_capacity_share': 0.0, 'copies_per_video': 1.0, 'served_by_cache_share': 0.1147, 'fill_rate': 0.252}
{'instance': 'custom_universallambda42_asymmetric', 'algo': 'Greedy2', 'n_placed': 371, 'n_useless': 0, 'useless_share': 0.0, 'wasted_capacity_share': 0.0, 'copies_per_video': 1.0, 'served_by_cache_share': 0.0488, 'fill_rate': 0.252}
{'instance': 'custom_universallambda42_asymmetric', 'algo': 'Greedy3', 'n_placed': 5275, 'n_useless': 1028, 'useless_share': 0.1949, 'wasted_capacity_share': 0.0493, 'copies_per_video': 28.825, 'served_by_cache_share': 0.0181, 'fill_rate': 0.252}
{'instance': 'custom_universallambda42_asymmetric', 'algo': 'KS_maj', 'n_placed': 4461, 'n_useless': 0, 'useless_share': 0.0, 'wasted_capacity_share': 0.0, 'copies_per_video': 1.0, 'served_by_cache_share': 0.4546, 'fill_rate': 0.208}
{'instance': 'instance1', 'algo': 'Greedy', 'n_placed': 5007, 'n_useless': 30, 'useless_share': 0.006, 'wasted_capacity_share': 0.0061, 'copies_per_video': 1.374, 'served_by_cache_share': 0.4036, 'fill_rate': 1.0}
{'instance': 'instance1', 'algo': 'Greedy2', 'n_placed': 5024, 'n_useless': 0, 'useless_share': 0.0, 'wasted_capacity_share': 0.0, 'copies_per_video': 1.0, 'served_by_cache_share': 0.6707, 'fill_rate': 1.0}
{'instance': 'instance1', 'algo': 'Greedy3', 'n_placed': 980, 'n_useless': 223, 'useless_share': 0.2276, 'wasted_capacity_share': 0.0415, 'copies_per_video': 5.0, 'served_by_cache_share': 0.0339, 'fill_rate': 0.1871}
{'instance': 'instance1', 'algo': 'KS_indep', 'n_placed': 0, 'n_useless': 0, 'useless_share': 0, 'wasted_capacity_share': 0.0, 'copies_per_video': 0, 'served_by_cache_share': 0.0, 'fill_rate': 0.0}
{'instance': 'instance1', 'algo': 'KS_maj', 'n_placed': 7568, 'n_useless': 115, 'useless_share': 0.0152, 'wasted_capacity_share': 0.0026, 'copies_per_video': 1.51, 'served_by_cache_share': 0.6731, 'fill_rate': 1.0}
{'instance': 'instance2', 'algo': 'Greedy', 'n_placed': 7523, 'n_useless': 23, 'useless_share': 0.0031, 'wasted_capacity_share': 0.0032, 'copies_per_video': 2.204, 'served_by_cache_share': 0.7418, 'fill_rate': 1.0}
{'instance': 'instance2', 'algo': 'Greedy2', 'n_placed': 4209, 'n_useless': 0, 'useless_share': 0.0, 'wasted_capacity_share': 0.0, 'copies_per_video': 1.0, 'served_by_cache_share': 0.6944, 'fill_rate': 0.5567}
{'instance': 'instance2', 'algo': 'Greedy3', 'n_placed': 2105, 'n_useless': 127, 'useless_share': 0.0603, 'wasted_capacity_share': 0.0161, 'copies_per_video': 4.988, 'served_by_cache_share': 0.1865, 'fill_rate': 0.2781}
{'instance': 'instance2', 'algo': 'KS_indep', 'n_placed': 0, 'n_useless': 0, 'useless_share': 0, 'wasted_capacity_share': 0.0, 'copies_per_video': 0, 'served_by_cache_share': 0.0, 'fill_rate': 0.0}
{'instance': 'instance2', 'algo': 'KS_maj', 'n_placed': 8594, 'n_useless': 37, 'useless_share': 0.0043, 'wasted_capacity_share': 0.0015, 'copies_per_video': 2.074, 'served_by_cache_share': 0.8979, 'fill_rate': 1.0}
{'instance': '4990_246_84901_50', 'algo': 'Greedy', 'n_placed': 8646, 'n_useless': 27, 'useless_share': 0.0031, 'wasted_capacity_share': 0.0029, 'copies_per_video': 2.304, 'served_by_cache_share': 0.6307, 'fill_rate': 1.0}
{'instance': '4990_246_84901_50', 'algo': 'Greedy2', 'n_placed': 4989, 'n_useless': 0, 'useless_share': 0.0, 'wasted_capacity_share': 0.0, 'copies_per_video': 1.0, 'served_by_cache_share': 0.6613, 'fill_rate': 0.5858}
{'instance': '4990_246_84901_50', 'algo': 'Greedy3', 'n_placed': 4920, 'n_useless': 1819, 'useless_share': 0.3697, 'wasted_capacity_share': 0.2154, 'copies_per_video': 19.919, 'served_by_cache_share': 0.0954, 'fill_rate': 0.5722}
{'instance': '4990_246_84901_50', 'algo': 'KS_indep', 'n_placed': 0, 'n_useless': 0, 'useless_share': 0, 'wasted_capacity_share': 0.0, 'copies_per_video': 0, 'served_by_cache_share': 0.0, 'fill_rate': 0.0}
{'instance': '4990_246_84901_50', 'algo': 'KS_maj', 'n_placed': 10272, 'n_useless': 59, 'useless_share': 0.0057, 'wasted_capacity_share': 0.0005, 'copies_per_video': 2.117, 'served_by_cache_share': 0.8479, 'fill_rate': 0.9999}
{'instance': '6970_311_100000_69', 'algo': 'Greedy', 'n_placed': 27585, 'n_useless': 564, 'useless_share': 0.0204, 'wasted_capacity_share': 0.0202, 'copies_per_video': 4.165, 'served_by_cache_share': 0.6754, 'fill_rate': 1.0}
{'instance': '6970_311_100000_69', 'algo': 'Greedy2', 'n_placed': 6970, 'n_useless': 0, 'useless_share': 0.0, 'wasted_capacity_share': 0.0, 'copies_per_video': 1.0, 'served_by_cache_share': 0.3871, 'fill_rate': 0.2533}
{'instance': '6970_311_100000_69', 'algo': 'Greedy3', 'n_placed': 3110, 'n_useless': 858, 'useless_share': 0.2759, 'wasted_capacity_share': 0.0311, 'copies_per_video': 10.032, 'served_by_cache_share': 0.0788, 'fill_rate': 0.1119}
{'instance': '6970_311_100000_69', 'algo': 'KS_indep', 'n_placed': 0, 'n_useless': 0, 'useless_share': 0, 'wasted_capacity_share': 0.0, 'copies_per_video': 0, 'served_by_cache_share': 0.0, 'fill_rate': 0.0}
{'instance': '6970_311_100000_69', 'algo': 'KS_maj', 'n_placed': 31542, 'n_useless': 1054, 'useless_share': 0.0334, 'wasted_capacity_share': 0.0112, 'copies_per_video': 4.54, 'served_by_cache_share': 0.8859, 'fill_rate': 1.0}
{'instance': '10000_500_100000_100', 'algo': 'Greedy', 'n_placed': 49968, 'n_useless': 1367, 'useless_share': 0.0274, 'wasted_capacity_share': 0.027, 'copies_per_video': 5.024, 'served_by_cache_share': 0.9942, 'fill_rate': 1.0}
{'instance': '10000_500_100000_100', 'algo': 'Greedy2', 'n_placed': 10000, 'n_useless': 0, 'useless_share': 0.0, 'wasted_capacity_share': 0.0, 'copies_per_video': 1.0, 'served_by_cache_share': 1.0, 'fill_rate': 0.2009}
{'instance': '10000_500_100000_100', 'algo': 'Greedy3', 'n_placed': 42500, 'n_useless': 37368, 'useless_share': 0.8792, 'wasted_capacity_share': 0.7183, 'copies_per_video': 84.325, 'served_by_cache_share': 0.0554, 'fill_rate': 0.818}
{'instance': '10000_500_100000_100', 'algo': 'KS_indep', 'n_placed': 0, 'n_useless': 0, 'useless_share': 0, 'wasted_capacity_share': 0.0, 'copies_per_video': 0, 'served_by_cache_share': 0.0, 'fill_rate': 0.0}
{'instance': '10000_500_100000_100', 'algo': 'KS_maj', 'n_placed': 20168, 'n_useless': 103, 'useless_share': 0.0051, 'wasted_capacity_share': 0.0017, 'copies_per_video': 2.017, 'served_by_cache_share': 0.9974, 'fill_rate': 0.4053}
{'instance': '3860_246_84901_66', 'algo': 'Greedy', 'n_placed': 33390, 'n_useless': 1341, 'useless_share': 0.0402, 'wasted_capacity_share': 0.0389, 'copies_per_video': 8.65, 'served_by_cache_share': 0.9998, 'fill_rate': 1.0}
{'instance': '3860_246_84901_66', 'algo': 'Greedy2', 'n_placed': 3860, 'n_useless': 0, 'useless_share': 0.0, 'wasted_capacity_share': 0.0, 'copies_per_video': 1.0, 'served_by_cache_share': 0.9928, 'fill_rate': 0.1163}
{'instance': '3860_246_84901_66', 'algo': 'Greedy3', 'n_placed': 13776, 'n_useless': 9387, 'useless_share': 0.6814, 'wasted_capacity_share': 0.285, 'copies_per_video': 55.548, 'served_by_cache_share': 0.0665, 'fill_rate': 0.4191}
{'instance': '3860_246_84901_66', 'algo': 'KS_indep', 'n_placed': 0, 'n_useless': 0, 'useless_share': 0, 'wasted_capacity_share': 0.0, 'copies_per_video': 0, 'served_by_cache_share': 0.0, 'fill_rate': 0.0}
{'instance': '3860_246_84901_66', 'algo': 'KS_maj', 'n_placed': 7720, 'n_useless': 0, 'useless_share': 0.0, 'wasted_capacity_share': 0.0, 'copies_per_video': 2.0, 'served_by_cache_share': 0.9961, 'fill_rate': 0.2325}
{'instance': 'regional_instance', 'algo': 'Greedy', 'n_placed': 730, 'n_useless': 36, 'useless_share': 0.0493, 'wasted_capacity_share': 0.0301, 'copies_per_video': 2.092, 'served_by_cache_share': 0.8956, 'fill_rate': 0.5813}
{'instance': 'regional_instance', 'algo': 'Greedy2', 'n_placed': 393, 'n_useless': 0, 'useless_share': 0.0, 'wasted_capacity_share': 0.0, 'copies_per_video': 1.0, 'served_by_cache_share': 0.4708, 'fill_rate': 0.3385}
{'instance': 'regional_instance', 'algo': 'Greedy3', 'n_placed': 321, 'n_useless': 200, 'useless_share': 0.6231, 'wasted_capacity_share': 0.1663, 'copies_per_video': 3.821, 'served_by_cache_share': 0.1706, 'fill_rate': 0.2623}
{'instance': 'regional_instance', 'algo': 'KS_indep', 'n_placed': 1274, 'n_useless': 745, 'useless_share': 0.5848, 'wasted_capacity_share': 0.3761, 'copies_per_video': 4.719, 'served_by_cache_share': 0.7514, 'fill_rate': 0.714}
{'instance': 'regional_instance', 'algo': 'KS_maj', 'n_placed': 822, 'n_useless': 132, 'useless_share': 0.1606, 'wasted_capacity_share': 0.0689, 'copies_per_video': 2.335, 'served_by_cache_share': 0.901, 'fill_rate': 0.5998}
{'instance': 'zipF_instance', 'algo': 'Greedy', 'n_placed': 720, 'n_useless': 28, 'useless_share': 0.0389, 'wasted_capacity_share': 0.014, 'copies_per_video': 2.544, 'served_by_cache_share': 0.8912, 'fill_rate': 0.5267}
{'instance': 'zipF_instance', 'algo': 'Greedy2', 'n_placed': 321, 'n_useless': 0, 'useless_share': 0.0, 'wasted_capacity_share': 0.0, 'copies_per_video': 1.0, 'served_by_cache_share': 0.3721, 'fill_rate': 0.2783}
{'instance': 'zipF_instance', 'algo': 'Greedy3', 'n_placed': 282, 'n_useless': 158, 'useless_share': 0.5603, 'wasted_capacity_share': 0.1381, 'copies_per_video': 4.209, 'served_by_cache_share': 0.1701, 'fill_rate': 0.2296}
{'instance': 'zipF_instance', 'algo': 'KS_indep', 'n_placed': 1198, 'n_useless': 655, 'useless_share': 0.5467, 'wasted_capacity_share': 0.3174, 'copies_per_video': 5.521, 'served_by_cache_share': 0.7667, 'fill_rate': 0.6358}
{'instance': 'zipF_instance', 'algo': 'KS_maj', 'n_placed': 779, 'n_useless': 92, 'useless_share': 0.1181, 'wasted_capacity_share': 0.0376, 'copies_per_video': 2.762, 'served_by_cache_share': 0.8859, 'fill_rate': 0.5379}
{'instance': 'big', 'algo': 'Greedy', 'n_placed': 3577, 'n_useless': 0, 'useless_share': 0.0, 'wasted_capacity_share': 0.0, 'copies_per_video': 1.0, 'served_by_cache_share': 0.8853, 'fill_rate': 0.991}
{'instance': 'big', 'algo': 'Greedy2', 'n_placed': 3577, 'n_useless': 0, 'useless_share': 0.0, 'wasted_capacity_share': 0.0, 'copies_per_video': 1.0, 'served_by_cache_share': 0.8853, 'fill_rate': 0.991}
{'instance': 'big', 'algo': 'Greedy3', 'n_placed': 627, 'n_useless': 0, 'useless_share': 0.0, 'wasted_capacity_share': 0.0, 'copies_per_video': 1.0, 'served_by_cache_share': 0.0543, 'fill_rate': 0.5419}
{'instance': 'big', 'algo': 'KS_indep', 'n_placed': 1028, 'n_useless': 0, 'useless_share': 0.0, 'wasted_capacity_share': 0.0, 'copies_per_video': 1.0, 'served_by_cache_share': 0.2528, 'fill_rate': 0.2914}
{'instance': 'big', 'algo': 'KS_maj', 'n_placed': 3577, 'n_useless': 0, 'useless_share': 0.0, 'wasted_capacity_share': 0.0, 'copies_per_video': 1.0, 'served_by_cache_share': 0.8853, 'fill_rate': 0.991}
{'instance': 'supra', 'algo': 'Greedy', 'n_placed': 692, 'n_useless': 0, 'useless_share': 0.0, 'wasted_capacity_share': 0.0, 'copies_per_video': 1.0, 'served_by_cache_share': 0.8012, 'fill_rate': 0.982}
{'instance': 'supra', 'algo': 'Greedy2', 'n_placed': 692, 'n_useless': 0, 'useless_share': 0.0, 'wasted_capacity_share': 0.0, 'copies_per_video': 1.0, 'served_by_cache_share': 0.8012, 'fill_rate': 0.982}
{'instance': 'supra', 'algo': 'Greedy3', 'n_placed': 272, 'n_useless': 0, 'useless_share': 0.0, 'wasted_capacity_share': 0.0, 'copies_per_video': 1.0, 'served_by_cache_share': 0.1214, 'fill_rate': 0.6046}
{'instance': 'supra', 'algo': 'KS_indep', 'n_placed': 692, 'n_useless': 0, 'useless_share': 0.0, 'wasted_capacity_share': 0.0, 'copies_per_video': 1.0, 'served_by_cache_share': 0.8012, 'fill_rate': 0.982}
{'instance': 'supra', 'algo': 'KS_maj', 'n_placed': 692, 'n_useless': 0, 'useless_share': 0.0, 'wasted_capacity_share': 0.0, 'copies_per_video': 1.0, 'served_by_cache_share': 0.8012, 'fill_rate': 0.982}
{'instance': 'INSATANC2D', 'algo': 'Greedy', 'n_placed': 1986, 'n_useless': 23, 'useless_share': 0.0116, 'wasted_capacity_share': 0.0099, 'copies_per_video': 1.121, 'served_by_cache_share': 0.0967, 'fill_rate': 0.9997}
{'instance': 'INSATANC2D', 'algo': 'Greedy2', 'n_placed': 1984, 'n_useless': 0, 'useless_share': 0.0, 'wasted_capacity_share': 0.0, 'copies_per_video': 1.0, 'served_by_cache_share': 0.1789, 'fill_rate': 0.9996}
{'instance': 'INSATANC2D', 'algo': 'Greedy3', 'n_placed': 440, 'n_useless': 230, 'useless_share': 0.5227, 'wasted_capacity_share': 0.1288, 'copies_per_video': 4.0, 'served_by_cache_share': 0.0093, 'fill_rate': 0.2467}
{'instance': 'INSATANC2D', 'algo': 'KS_indep', 'n_placed': 8180, 'n_useless': 4040, 'useless_share': 0.4939, 'wasted_capacity_share': 0.3853, 'copies_per_video': 4.712, 'served_by_cache_share': 0.189, 'fill_rate': 0.95}
{'instance': 'INSATANC2D', 'algo': 'KS_maj', 'n_placed': 5527, 'n_useless': 412, 'useless_share': 0.0745, 'wasted_capacity_share': 0.029, 'copies_per_video': 2.081, 'served_by_cache_share': 0.2646, 'fill_rate': 1.0}
{'instance': 'INSTANCED', 'algo': 'Greedy', 'n_placed': 371, 'n_useless': 0, 'useless_share': 0.0, 'wasted_capacity_share': 0.0, 'copies_per_video': 1.742, 'served_by_cache_share': 0.5262, 'fill_rate': 0.9781}
{'instance': 'INSTANCED', 'algo': 'Greedy2', 'n_placed': 372, 'n_useless': 0, 'useless_share': 0.0, 'wasted_capacity_share': 0.0, 'copies_per_video': 1.0, 'served_by_cache_share': 0.6409, 'fill_rate': 0.9808}
{'instance': 'INSTANCED', 'algo': 'Greedy3', 'n_placed': 320, 'n_useless': 45, 'useless_share': 0.1406, 'wasted_capacity_share': 0.1405, 'copies_per_video': 26.667, 'served_by_cache_share': 0.019, 'fill_rate': 0.9988}
{'instance': 'INSTANCED', 'algo': 'KS_indep', 'n_placed': 600, 'n_useless': 56, 'useless_share': 0.0933, 'wasted_capacity_share': 0.0922, 'copies_per_video': 35.294, 'served_by_cache_share': 0.056, 'fill_rate': 0.9986}
{'instance': 'INSTANCED', 'algo': 'KS_maj', 'n_placed': 388, 'n_useless': 0, 'useless_share': 0.0, 'wasted_capacity_share': 0.0, 'copies_per_video': 1.293, 'served_by_cache_share': 0.7162, 'fill_rate': 0.9934}
{'instance': '2_2_2_1', 'algo': 'Greedy', 'n_placed': 1, 'n_useless': 0, 'useless_share': 0.0, 'wasted_capacity_share': 0.0, 'copies_per_video': 1.0, 'served_by_cache_share': 0.9523, 'fill_rate': 1.0}
{'instance': '2_2_2_1', 'algo': 'Greedy2', 'n_placed': 1, 'n_useless': 0, 'useless_share': 0.0, 'wasted_capacity_share': 0.0, 'copies_per_video': 1.0, 'served_by_cache_share': 0.9523, 'fill_rate': 1.0}
{'instance': '2_2_2_1', 'algo': 'Greedy3', 'n_placed': 1, 'n_useless': 0, 'useless_share': 0.0, 'wasted_capacity_share': 0.0, 'copies_per_video': 1.0, 'served_by_cache_share': 0.0477, 'fill_rate': 0.05}
{'instance': '2_2_2_1', 'algo': 'KS_indep', 'n_placed': 1, 'n_useless': 0, 'useless_share': 0.0, 'wasted_capacity_share': 0.0, 'copies_per_video': 1.0, 'served_by_cache_share': 0.9523, 'fill_rate': 1.0}
{'instance': '2_2_2_1', 'algo': 'KS_maj', 'n_placed': 1, 'n_useless': 0, 'useless_share': 0.0, 'wasted_capacity_share': 0.0, 'copies_per_video': 1.0, 'served_by_cache_share': 0.9523, 'fill_rate': 1.0}
{'instance': '4_2_4_2', 'algo': 'Greedy', 'n_placed': 2, 'n_useless': 0, 'useless_share': 0.0, 'wasted_capacity_share': 0.0, 'copies_per_video': 1.0, 'served_by_cache_share': 0.656, 'fill_rate': 0.5}
{'instance': '4_2_4_2', 'algo': 'Greedy2', 'n_placed': 2, 'n_useless': 0, 'useless_share': 0.0, 'wasted_capacity_share': 0.0, 'copies_per_video': 1.0, 'served_by_cache_share': 0.656, 'fill_rate': 0.5}
{'instance': '4_2_4_2', 'algo': 'Greedy3', 'n_placed': 3, 'n_useless': 1, 'useless_share': 0.3333, 'wasted_capacity_share': 0.25, 'copies_per_video': 1.5, 'served_by_cache_share': 0.3448, 'fill_rate': 0.5125}
{'instance': '4_2_4_2', 'algo': 'KS_indep', 'n_placed': 3, 'n_useless': 1, 'useless_share': 0.3333, 'wasted_capacity_share': 0.25, 'copies_per_video': 1.5, 'served_by_cache_share': 0.656, 'fill_rate': 0.75}
{'instance': '4_2_4_2', 'algo': 'KS_maj', 'n_placed': 2, 'n_useless': 0, 'useless_share': 0.0, 'wasted_capacity_share': 0.0, 'copies_per_video': 1.0, 'served_by_cache_share': 0.656, 'fill_rate': 0.5}
{'instance': '6_2_6_2', 'algo': 'Greedy', 'n_placed': 3, 'n_useless': 0, 'useless_share': 0.0, 'wasted_capacity_share': 0.0, 'copies_per_video': 1.0, 'served_by_cache_share': 0.5, 'fill_rate': 0.5}
{'instance': '6_2_6_2', 'algo': 'Greedy2', 'n_placed': 3, 'n_useless': 0, 'useless_share': 0.0, 'wasted_capacity_share': 0.0, 'copies_per_video': 1.0, 'served_by_cache_share': 0.5, 'fill_rate': 0.5}
{'instance': '6_2_6_2', 'algo': 'Greedy3', 'n_placed': 3, 'n_useless': 1, 'useless_share': 0.3333, 'wasted_capacity_share': 0.1667, 'copies_per_video': 1.5, 'served_by_cache_share': 0.3333, 'fill_rate': 0.5}
{'instance': '6_2_6_2', 'algo': 'KS_indep', 'n_placed': 6, 'n_useless': 3, 'useless_share': 0.5, 'wasted_capacity_share': 0.5, 'copies_per_video': 2.0, 'served_by_cache_share': 0.5, 'fill_rate': 1.0}
{'instance': '6_2_6_2', 'algo': 'KS_maj', 'n_placed': 3, 'n_useless': 0, 'useless_share': 0.0, 'wasted_capacity_share': 0.0, 'copies_per_video': 1.0, 'served_by_cache_share': 0.5, 'fill_rate': 0.5}
{'instance': '8_2_8_2', 'algo': 'Greedy', 'n_placed': 4, 'n_useless': 0, 'useless_share': 0.0, 'wasted_capacity_share': 0.0, 'copies_per_video': 1.0, 'served_by_cache_share': 0.5678, 'fill_rate': 0.5}
{'instance': '8_2_8_2', 'algo': 'Greedy2', 'n_placed': 4, 'n_useless': 0, 'useless_share': 0.0, 'wasted_capacity_share': 0.0, 'copies_per_video': 1.0, 'served_by_cache_share': 0.5678, 'fill_rate': 0.5}
{'instance': '8_2_8_2', 'algo': 'Greedy3', 'n_placed': 3, 'n_useless': 1, 'useless_share': 0.3333, 'wasted_capacity_share': 0.125, 'copies_per_video': 1.5, 'served_by_cache_share': 0.1491, 'fill_rate': 0.2562}
{'instance': '8_2_8_2', 'algo': 'KS_indep', 'n_placed': 7, 'n_useless': 3, 'useless_share': 0.4286, 'wasted_capacity_share': 0.375, 'copies_per_video': 1.75, 'served_by_cache_share': 0.5678, 'fill_rate': 0.875}
{'instance': '8_2_8_2', 'algo': 'KS_maj', 'n_placed': 4, 'n_useless': 0, 'useless_share': 0.0, 'wasted_capacity_share': 0.0, 'copies_per_video': 1.0, 'served_by_cache_share': 0.5678, 'fill_rate': 0.5}
{'instance': '20_2_20_2', 'algo': 'Greedy', 'n_placed': 10, 'n_useless': 0, 'useless_share': 0.0, 'wasted_capacity_share': 0.0, 'copies_per_video': 1.0, 'served_by_cache_share': 0.5255, 'fill_rate': 0.5}
{'instance': '20_2_20_2', 'algo': 'Greedy2', 'n_placed': 10, 'n_useless': 0, 'useless_share': 0.0, 'wasted_capacity_share': 0.0, 'copies_per_video': 1.0, 'served_by_cache_share': 0.5255, 'fill_rate': 0.5}
{'instance': '20_2_20_2', 'algo': 'Greedy3', 'n_placed': 3, 'n_useless': 1, 'useless_share': 0.3333, 'wasted_capacity_share': 0.05, 'copies_per_video': 1.5, 'served_by_cache_share': 0.0552, 'fill_rate': 0.1025}
{'instance': '20_2_20_2', 'algo': 'KS_indep', 'n_placed': 19, 'n_useless': 9, 'useless_share': 0.4737, 'wasted_capacity_share': 0.45, 'copies_per_video': 1.9, 'served_by_cache_share': 0.5255, 'fill_rate': 0.95}
{'instance': '20_2_20_2', 'algo': 'KS_maj', 'n_placed': 10, 'n_useless': 0, 'useless_share': 0.0, 'wasted_capacity_share': 0.0, 'copies_per_video': 1.0, 'served_by_cache_share': 0.5255, 'fill_rate': 0.5}
{'instance': 'realistic_large_clustered', 'algo': 'Greedy', 'n_placed': 25756, 'n_useless': 1298, 'useless_share': 0.0504, 'wasted_capacity_share': 0.0538, 'copies_per_video': 4.703, 'served_by_cache_share': 0.7499, 'fill_rate': 0.9997}
{'instance': 'realistic_large_clustered', 'algo': 'Greedy2', 'n_placed': 9709, 'n_useless': 0, 'useless_share': 0.0, 'wasted_capacity_share': 0.0, 'copies_per_video': 1.0, 'served_by_cache_share': 0.5289, 'fill_rate': 0.4031}
{'instance': 'realistic_large_clustered', 'algo': 'Greedy3', 'n_placed': 25820, 'n_useless': 10098, 'useless_share': 0.3911, 'wasted_capacity_share': 0.3544, 'copies_per_video': 36.676, 'served_by_cache_share': 0.3726, 'fill_rate': 0.9098}
{'instance': 'realistic_large_clustered', 'algo': 'KS_indep', 'n_placed': 2242, 'n_useless': 0, 'useless_share': 0.0, 'wasted_capacity_share': 0.0, 'copies_per_video': 6.713, 'served_by_cache_share': 0.3685, 'fill_rate': 0.018}
{'instance': 'realistic_large_clustered', 'algo': 'KS_maj', 'n_placed': 2030, 'n_useless': 0, 'useless_share': 0.0, 'wasted_capacity_share': 0.0, 'copies_per_video': 1.678, 'served_by_cache_share': 0.4754, 'fill_rate': 0.02}
{'instance': 'realistic_large_random', 'algo': 'Greedy', 'n_placed': 25819, 'n_useless': 9, 'useless_share': 0.0003, 'wasted_capacity_share': 0.0005, 'copies_per_video': 4.679, 'served_by_cache_share': 0.7703, 'fill_rate': 0.9997}
{'instance': 'realistic_large_random', 'algo': 'Greedy2', 'n_placed': 9722, 'n_useless': 0, 'useless_share': 0.0, 'wasted_capacity_share': 0.0, 'copies_per_video': 1.0, 'served_by_cache_share': 0.3412, 'fill_rate': 0.4085}
{'instance': 'realistic_large_random', 'algo': 'Greedy3', 'n_placed': 29514, 'n_useless': 7145, 'useless_share': 0.2421, 'wasted_capacity_share': 0.2579, 'copies_per_video': 34.081, 'served_by_cache_share': 0.466, 'fill_rate': 0.9997}
{'instance': 'realistic_large_random', 'algo': 'KS_indep', 'n_placed': 2128, 'n_useless': 0, 'useless_share': 0.0, 'wasted_capacity_share': 0.0, 'copies_per_video': 5.944, 'served_by_cache_share': 0.304, 'fill_rate': 0.018}
{'instance': 'realistic_large_random', 'algo': 'KS_maj', 'n_placed': 3094, 'n_useless': 1, 'useless_share': 0.0003, 'wasted_capacity_share': 0.0, 'copies_per_video': 2.852, 'served_by_cache_share': 0.3883, 'fill_rate': 0.028}
{'instance': 'dense', 'algo': 'Greedy', 'n_placed': 744, 'n_useless': 0, 'useless_share': 0.0, 'wasted_capacity_share': 0.0, 'copies_per_video': 1.0, 'served_by_cache_share': 0.8642, 'fill_rate': 1.0}
{'instance': 'dense', 'algo': 'Greedy2', 'n_placed': 918, 'n_useless': 0, 'useless_share': 0.0, 'wasted_capacity_share': 0.0, 'copies_per_video': 1.0, 'served_by_cache_share': 0.3248, 'fill_rate': 0.9997}
{'instance': 'dense', 'algo': 'Greedy3', 'n_placed': 759, 'n_useless': 97, 'useless_share': 0.1278, 'wasted_capacity_share': 0.043, 'copies_per_video': 1.769, 'served_by_cache_share': 0.0118, 'fill_rate': 1.0}
{'instance': 'dense', 'algo': 'KS_indep', 'n_placed': 744, 'n_useless': 0, 'useless_share': 0.0, 'wasted_capacity_share': 0.0, 'copies_per_video': 1.0, 'served_by_cache_share': 0.8642, 'fill_rate': 1.0}
{'instance': 'dense', 'algo': 'KS_maj', 'n_placed': 744, 'n_useless': 0, 'useless_share': 0.0, 'wasted_capacity_share': 0.0, 'copies_per_video': 1.0, 'served_by_cache_share': 0.8642, 'fill_rate': 1.0}
{'instance': 'dense2', 'algo': 'Greedy', 'n_placed': 100, 'n_useless': 0, 'useless_share': 0.0, 'wasted_capacity_share': 0.0, 'copies_per_video': 1.0, 'served_by_cache_share': 0.7318, 'fill_rate': 1.0}
{'instance': 'dense2', 'algo': 'Greedy2', 'n_placed': 100, 'n_useless': 0, 'useless_share': 0.0, 'wasted_capacity_share': 0.0, 'copies_per_video': 1.0, 'served_by_cache_share': 0.2747, 'fill_rate': 1.0}
{'instance': 'dense2', 'algo': 'Greedy3', 'n_placed': 1523, 'n_useless': 306, 'useless_share': 0.2009, 'wasted_capacity_share': 0.0668, 'copies_per_video': 2.16, 'served_by_cache_share': 0.0167, 'fill_rate': 1.0}
{'instance': 'dense2', 'algo': 'KS_indep', 'n_placed': 100, 'n_useless': 0, 'useless_share': 0.0, 'wasted_capacity_share': 0.0, 'copies_per_video': 1.0, 'served_by_cache_share': 0.7318, 'fill_rate': 1.0}
{'instance': 'dense2', 'algo': 'KS_maj', 'n_placed': 100, 'n_useless': 0, 'useless_share': 0.0, 'wasted_capacity_share': 0.0, 'copies_per_video': 1.0, 'served_by_cache_share': 0.7318, 'fill_rate': 1.0}
{'instance': 'medium_mixed_lambda', 'algo': 'Greedy', 'n_placed': 136, 'n_useless': 0, 'useless_share': 0.0, 'wasted_capacity_share': 0.0, 'copies_per_video': 1.511, 'served_by_cache_share': 0.0386, 'fill_rate': 0.998}
{'instance': 'medium_mixed_lambda', 'algo': 'Greedy2', 'n_placed': 135, 'n_useless': 0, 'useless_share': 0.0, 'wasted_capacity_share': 0.0, 'copies_per_video': 1.0, 'served_by_cache_share': 0.0514, 'fill_rate': 0.9989}
{'instance': 'medium_mixed_lambda', 'algo': 'Greedy3', 'n_placed': 240, 'n_useless': 5, 'useless_share': 0.0208, 'wasted_capacity_share': 0.0199, 'copies_per_video': 10.0, 'served_by_cache_share': 0.0156, 'fill_rate': 0.999}
{'instance': 'medium_mixed_lambda', 'algo': 'KS_indep', 'n_placed': 1196, 'n_useless': 41, 'useless_share': 0.0343, 'wasted_capacity_share': 0.0275, 'copies_per_video': 10.05, 'served_by_cache_share': 0.0567, 'fill_rate': 1.0}
{'instance': 'medium_mixed_lambda', 'algo': 'KS_maj', 'n_placed': 618, 'n_useless': 0, 'useless_share': 0.0, 'wasted_capacity_share': 0.0, 'copies_per_video': 1.652, 'served_by_cache_share': 0.122, 'fill_rate': 0.9999}
{'instance': 'medium_skew_dense_dejavu', 'algo': 'Greedy', 'n_placed': 540, 'n_useless': 0, 'useless_share': 0.0, 'wasted_capacity_share': 0.0, 'copies_per_video': 1.166, 'served_by_cache_share': 0.1652, 'fill_rate': 0.9994}
{'instance': 'medium_skew_dense_dejavu', 'algo': 'Greedy2', 'n_placed': 541, 'n_useless': 0, 'useless_share': 0.0, 'wasted_capacity_share': 0.0, 'copies_per_video': 1.0, 'served_by_cache_share': 0.2593, 'fill_rate': 0.9994}
{'instance': 'medium_skew_dense_dejavu', 'algo': 'Greedy3', 'n_placed': 572, 'n_useless': 5, 'useless_share': 0.0087, 'wasted_capacity_share': 0.0015, 'copies_per_video': 5.778, 'served_by_cache_share': 0.0551, 'fill_rate': 0.9968}
{'instance': 'medium_skew_dense_dejavu', 'algo': 'KS_indep', 'n_placed': 2604, 'n_useless': 1, 'useless_share': 0.0004, 'wasted_capacity_share': 0.0001, 'copies_per_video': 9.367, 'served_by_cache_share': 0.1763, 'fill_rate': 1.0}
{'instance': 'medium_skew_dense_dejavu', 'algo': 'KS_maj', 'n_placed': 1190, 'n_useless': 0, 'useless_share': 0.0, 'wasted_capacity_share': 0.0, 'copies_per_video': 1.537, 'served_by_cache_share': 0.372, 'fill_rate': 1.0}
{'instance': 'medium_skew_sparse_lambda', 'algo': 'Greedy', 'n_placed': 160, 'n_useless': 1, 'useless_share': 0.0063, 'wasted_capacity_share': 0.0149, 'copies_per_video': 2.162, 'served_by_cache_share': 0.0376, 'fill_rate': 0.9991}
{'instance': 'medium_skew_sparse_lambda', 'algo': 'Greedy2', 'n_placed': 141, 'n_useless': 0, 'useless_share': 0.0, 'wasted_capacity_share': 0.0, 'copies_per_video': 1.0, 'served_by_cache_share': 0.0477, 'fill_rate': 0.9984}
{'instance': 'medium_skew_sparse_lambda', 'algo': 'Greedy3', 'n_placed': 172, 'n_useless': 13, 'useless_share': 0.0756, 'wasted_capacity_share': 0.1042, 'copies_per_video': 6.615, 'served_by_cache_share': 0.0224, 'fill_rate': 0.9917}
{'instance': 'medium_skew_sparse_lambda', 'algo': 'KS_indep', 'n_placed': 1019, 'n_useless': 75, 'useless_share': 0.0736, 'wasted_capacity_share': 0.0494, 'copies_per_video': 8.152, 'served_by_cache_share': 0.0811, 'fill_rate': 1.0}
{'instance': 'medium_skew_sparse_lambda', 'algo': 'KS_maj', 'n_placed': 636, 'n_useless': 0, 'useless_share': 0.0, 'wasted_capacity_share': 0.0, 'copies_per_video': 2.617, 'served_by_cache_share': 0.1035, 'fill_rate': 0.9998}
{'instance': 'medium_flat_dense_dejavu', 'algo': 'Greedy', 'n_placed': 558, 'n_useless': 0, 'useless_share': 0.0, 'wasted_capacity_share': 0.0, 'copies_per_video': 1.105, 'served_by_cache_share': 0.096, 'fill_rate': 0.9994}
{'instance': 'medium_flat_dense_dejavu', 'algo': 'Greedy2', 'n_placed': 551, 'n_useless': 0, 'useless_share': 0.0, 'wasted_capacity_share': 0.0, 'copies_per_video': 1.0, 'served_by_cache_share': 0.115, 'fill_rate': 0.9997}
{'instance': 'medium_flat_dense_dejavu', 'algo': 'Greedy3', 'n_placed': 489, 'n_useless': 0, 'useless_share': 0.0, 'wasted_capacity_share': 0.0, 'copies_per_video': 4.657, 'served_by_cache_share': 0.0291, 'fill_rate': 0.9994}
{'instance': 'medium_flat_dense_dejavu', 'algo': 'KS_indep', 'n_placed': 3827, 'n_useless': 16, 'useless_share': 0.0042, 'wasted_capacity_share': 0.0038, 'copies_per_video': 12.63, 'served_by_cache_share': 0.0988, 'fill_rate': 1.0}
{'instance': 'medium_flat_dense_dejavu', 'algo': 'KS_maj', 'n_placed': 1695, 'n_useless': 0, 'useless_share': 0.0, 'wasted_capacity_share': 0.0, 'copies_per_video': 1.688, 'served_by_cache_share': 0.2461, 'fill_rate': 1.0}
{'instance': 'medium_flat_sparse_lambda', 'algo': 'Greedy', 'n_placed': 151, 'n_useless': 0, 'useless_share': 0.0, 'wasted_capacity_share': 0.0, 'copies_per_video': 1.041, 'served_by_cache_share': 0.0109, 'fill_rate': 0.9984}
{'instance': 'medium_flat_sparse_lambda', 'algo': 'Greedy2', 'n_placed': 127, 'n_useless': 0, 'useless_share': 0.0, 'wasted_capacity_share': 0.0, 'copies_per_video': 1.0, 'served_by_cache_share': 0.01, 'fill_rate': 0.9978}
{'instance': 'medium_flat_sparse_lambda', 'algo': 'Greedy3', 'n_placed': 146, 'n_useless': 0, 'useless_share': 0.0, 'wasted_capacity_share': 0.0, 'copies_per_video': 10.429, 'served_by_cache_share': 0.0037, 'fill_rate': 0.9989}
{'instance': 'medium_flat_sparse_lambda', 'algo': 'KS_indep', 'n_placed': 1573, 'n_useless': 1, 'useless_share': 0.0006, 'wasted_capacity_share': 0.0006, 'copies_per_video': 12.789, 'served_by_cache_share': 0.0372, 'fill_rate': 1.0}
{'instance': 'medium_flat_sparse_lambda', 'algo': 'KS_maj', 'n_placed': 1029, 'n_useless': 0, 'useless_share': 0.0, 'wasted_capacity_share': 0.0, 'copies_per_video': 3.385, 'served_by_cache_share': 0.0568, 'fill_rate': 1.0}
